<html>
<body>
<pre>
<h1>µVision Build Log</h1>
<h2>Tool Versions:</h2>
IDE-Version: µVision V5.28.0.0
Copyright (C) 2019 ARM Ltd and ARM Germany GmbH. All rights reserved.
License Information: Weilin Cao, UT Austin, LIC=----
 
Tool Versions:
Toolchain:       MDK-Lite  Version: 5.28.0.0
Toolchain Path:  C:\Keil_v5\ARM\ARMCC\Bin
C Compiler:      Armcc.exe V5.06 update 6 (build 750)
Assembler:       Armasm.exe V5.06 update 6 (build 750)
Linker/Locator:  ArmLink.exe V5.06 update 6 (build 750)
Library Manager: ArmAr.exe V5.06 update 6 (build 750)
Hex Converter:   FromElf.exe V5.06 update 6 (build 750)
CPU DLL:         SARMCM3.DLL V5.28.0.0
Dialog DLL:      DCM.DLL V1.17.3.0
Target DLL:      lmidk-agdi.dll V???
Dialog DLL:      TCM.DLL V1.36.2.0
 
<h2>Project:</h2>
C:\Users\ImWei\EE445M\ValvanoWareTM4C123v5\RTOS_Lab2_RTOSkernel\Lab2.uvprojx
Project File Date:  02/13/2020

<h2>Output:</h2>
*** Using Compiler 'V5.06 update 6 (build 750)', folder: 'C:\Keil_v5\ARM\ARMCC\Bin'
Rebuild target 'Lab2'
assembling startup.s...
compiling Interpreter.c...
compiling LaunchPad.c...
compiling PLL.c...
compiling OS.c...
..\RTOS_Labs_common\OS.c(503): warning:  #223-D: function "StartOS" declared implicitly
  	StartOS(); // start on the first task
..\RTOS_Labs_common\OS.c: 1 warning, 0 errors
compiling Lab2.c...
compiling ADCT0ATrigger.c...
compiling ADCSWTrigger.c...
compiling ST7735.c...
compiling LPF.c...
compiling efile.c...
assembling PID_stm32.s...
assembling osasm.s...
assembling cr4_fft_64_stm32.s...
compiling IRDistance.c...
compiling WTimer0A.c...
compiling eDisk.c...
compiling UART0int.c...
compiling ADC.c...
compiling Timer5A.c...
linking...
Program Size: Code=9648 RO-data=2840 RW-data=344 ZI-data=5656  
".\Lab2.axf" - 0 Error(s), 1 Warning(s).

<h2>Software Packages used:</h2>

Package Vendor: ARM
                http://www.keil.com/pack/ARM.CMSIS.5.5.1.pack
                ARM.CMSIS.5.5.1
                CMSIS (Cortex Microcontroller Software Interface Standard)
   * Component: CORE Version: 5.2.0

Package Vendor: Keil
                http://www.keil.com/pack/Keil.TM4C_DFP.1.1.0.pack
                Keil.TM4C_DFP.1.1.0
                Texas Instruments Tiva C Series Device Support and Examples

<h2>Collection of Component include folders:</h2>
  .\RTE\_Lab2
  C:\Users\ImWei\AppData\Local\Arm\Packs\ARM\CMSIS\5.5.1\CMSIS\Core\Include
  C:\Users\ImWei\AppData\Local\Arm\Packs\Keil\TM4C_DFP\1.1.0\Device\Include\TM4C123

<h2>Collection of Component Files used:</h2>

   * Component: ARM::CMSIS:CORE:5.2.0
Build Time Elapsed:  00:00:01
</pre>
</body>
</html>
