Component: ARM Compiler 5.06 update 6 (build 750) Tool: armlink [4d35ed]

==============================================================================

Section Cross References

    startup.o(RESET) refers to startup.o(STACK) for StackMem
    startup.o(RESET) refers to osasm.o(.text) for PendSV_Handler
    startup.o(RESET) refers to os.o(i.SysTick_Handler) for SysTick_Handler
    startup.o(RESET) refers to uart0int.o(i.UART0_Handler) for UART0_Handler
    startup.o(RESET) refers to adct0atrigger.o(i.ADC0Seq0_Handler) for ADC0Seq0_Handler
    startup.o(RESET) refers to adct0atrigger.o(i.ADC0Seq3_Handler) for ADC0Seq3_Handler
    startup.o(RESET) refers to os.o(i.GPIOPortF_Handler) for GPIOPortF_Handler
    startup.o(RESET) refers to timer5a.o(i.Timer5A_Handler) for Timer5A_Handler
    startup.o(RESET) refers to wtimer0a.o(i.WideTimer0A_Handler) for WideTimer0A_Handler
    startup.o(RESET) refers to entry.o(.ARM.Collect$$$$00000000) for __main
    lab2.o(i.BackgroundThread1d) refers to os.o(i.OS_Signal) for OS_Signal
    lab2.o(i.BackgroundThread1d) refers to lab2.o(.data) for Count1
    lab2.o(i.BackgroundThread1e) refers to os.o(i.OS_bSignal) for OS_bSignal
    lab2.o(i.BackgroundThread1e) refers to lab2.o(.data) for i
    lab2.o(i.BackgroundThread5d) refers to os.o(i.OS_AddThread) for OS_AddThread
    lab2.o(i.BackgroundThread5d) refers to lab2.o(i.Thread4d) for Thread4d
    lab2.o(i.BackgroundThread5d) refers to lab2.o(.data) for NumCreated
    lab2.o(i.BackgroundThread5e) refers to os.o(i.OS_AddThread) for OS_AddThread
    lab2.o(i.BackgroundThread5e) refers to lab2.o(i.Thread4e) for Thread4e
    lab2.o(i.BackgroundThread5e) refers to lab2.o(.data) for NumCreated
    lab2.o(i.BackgroundThreadFIFOProducer) refers to os.o(i.OS_Fifo_Put) for OS_Fifo_Put
    lab2.o(i.BackgroundThreadFIFOProducer) refers to lab2.o(.data) for Count1
    lab2.o(i.ButtonWork) refers to os.o(i.OS_Id) for OS_Id
    lab2.o(i.ButtonWork) refers to st7735.o(i.ST7735_Message) for ST7735_Message
    lab2.o(i.ButtonWork) refers to os.o(i.OS_Sleep) for OS_Sleep
    lab2.o(i.ButtonWork) refers to os.o(i.OS_Kill) for OS_Kill
    lab2.o(i.ButtonWork) refers to lab2.o(.data) for NumCreated
    lab2.o(i.ButtonWork) refers to os.o(.data) for MaxJitter
    lab2.o(i.Consumer) refers to adct0atrigger.o(i.ADC0_InitTimer0ATriggerSeq0) for ADC0_InitTimer0ATriggerSeq0
    lab2.o(i.Consumer) refers to os.o(i.OS_AddThread) for OS_AddThread
    lab2.o(i.Consumer) refers to os.o(i.OS_Fifo_Get) for OS_Fifo_Get
    lab2.o(i.Consumer) refers to cr4_fft_64_stm32.o(.text) for cr4_fft_64_stm32
    lab2.o(i.Consumer) refers to os.o(i.OS_MailBox_Send) for OS_MailBox_Send
    lab2.o(i.Consumer) refers to os.o(i.OS_Kill) for OS_Kill
    lab2.o(i.Consumer) refers to lab2.o(i.Producer) for Producer
    lab2.o(i.Consumer) refers to lab2.o(i.Display) for Display
    lab2.o(i.Consumer) refers to lab2.o(.data) for NumCreated
    lab2.o(i.Consumer) refers to lab2.o(.bss) for x
    lab2.o(i.ConsumerThreadFIFO) refers to os.o(i.OS_Fifo_Get) for OS_Fifo_Get
    lab2.o(i.ConsumerThreadFIFO) refers to lab2.o(.data) for Count2
    lab2.o(i.DAS) refers to adc.o(i.ADC_In) for ADC_In
    lab2.o(i.DAS) refers to os.o(i.OS_Time) for OS_Time
    lab2.o(i.DAS) refers to lpf.o(i.Filter) for Filter
    lab2.o(i.DAS) refers to os.o(i.OS_TimeDifference) for OS_TimeDifference
    lab2.o(i.DAS) refers to lab2.o(.data) for NumSamples
    lab2.o(i.DAS) refers to os.o(.data) for MaxJitter
    lab2.o(i.DAS) refers to os.o(.constdata) for JitterSize
    lab2.o(i.DAS) refers to os.o(.bss) for JitterHistogram
    lab2.o(i.Display) refers to os.o(i.OS_Id) for OS_Id
    lab2.o(i.Display) refers to st7735.o(i.ST7735_Message) for ST7735_Message
    lab2.o(i.Display) refers to os.o(i.OS_MailBox_Recv) for OS_MailBox_Recv
    lab2.o(i.Display) refers to irdistance.o(i.IRDistance_Convert) for IRDistance_Convert
    lab2.o(i.Display) refers to os.o(i.OS_Kill) for OS_Kill
    lab2.o(i.Display) refers to lab2.o(.data) for NumSamples
    lab2.o(i.FillerThreadFIFO) refers to lab2.o(.data) for Count3
    lab2.o(i.PID) refers to pid_stm32.o(.text) for PID_stm32
    lab2.o(i.PID) refers to lab2.o(.data) for PIDWork
    lab2.o(i.Producer) refers to os.o(i.OS_Fifo_Put) for OS_Fifo_Put
    lab2.o(i.Producer) refers to lab2.o(.data) for NumSamples
    lab2.o(i.SW1Push) refers to os.o(i.OS_MsTime) for OS_MsTime
    lab2.o(i.SW1Push) refers to os.o(i.OS_AddThread) for OS_AddThread
    lab2.o(i.SW1Push) refers to os.o(i.OS_ClearMsTime) for OS_ClearMsTime
    lab2.o(i.SW1Push) refers to lab2.o(i.ButtonWork) for ButtonWork
    lab2.o(i.SW1Push) refers to lab2.o(.data) for NumCreated
    lab2.o(i.Testmain1) refers to os.o(i.OS_Init) for OS_Init
    lab2.o(i.Testmain1) refers to lab2.o(i.PortD_Init) for PortD_Init
    lab2.o(i.Testmain1) refers to os.o(i.OS_AddThread) for OS_AddThread
    lab2.o(i.Testmain1) refers to os.o(i.OS_Launch) for OS_Launch
    lab2.o(i.Testmain1) refers to lab2.o(.data) for NumCreated
[...]
    st7735.o(i.fillmessage) refers to st7735.o(.data) for Messageindex
    st7735.o(i.fillmessage4) refers to st7735.o(i.fillmessage) for fillmessage
    st7735.o(i.fillmessage4) refers to st7735.o(.data) for Messageindex
    st7735.o(i.fillmessage4) refers to st7735.o(.bss) for Message
    st7735.o(i.fillmessage5) refers to st7735.o(i.fillmessage) for fillmessage
    st7735.o(i.fillmessage5) refers to st7735.o(.data) for Messageindex
    st7735.o(i.fillmessage5) refers to st7735.o(.bss) for Message
    st7735.o(i.pushColor) refers to st7735.o(i.writedata) for writedata
    st7735.o(i.setAddrWindow) refers to st7735.o(i.writecommand) for writecommand
    st7735.o(i.setAddrWindow) refers to st7735.o(i.writedata) for writedata
    st7735.o(i.setAddrWindow) refers to st7735.o(.data) for ColStart
    adcswtrigger.o(i.ADC0_InSeq2) refers to adcswtrigger.o(.data) for UserTask2
    adcswtrigger.o(i.ADC0_InitSWTriggerSeq2) refers to adcswtrigger.o(.data) for UserTask2
    adct0atrigger.o(i.ADC0Seq0_Handler) refers to adct0atrigger.o(.data) for ADCTask
    adct0atrigger.o(i.ADC0Seq3_Handler) refers to adct0atrigger.o(.data) for PD3data
    adct0atrigger.o(i.ADC0_InitTimer0ATriggerSeq0) refers to adct0atrigger.o(i.dummyADC) for dummyADC
    adct0atrigger.o(i.ADC0_InitTimer0ATriggerSeq0) refers to adct0atrigger.o(.data) for ADCTask
    lpf.o(i.Filter) refers to lpf.o(.data) for n
    lpf.o(i.Filter) refers to lpf.o(.bss) for x
    lpf.o(i.LPF_Calc) refers to lpf.o(.data) for I1
    lpf.o(i.LPF_Calc) refers to lpf.o(.bss) for x1
    lpf.o(i.LPF_Calc2) refers to lpf.o(.data) for I2
    lpf.o(i.LPF_Calc2) refers to lpf.o(.bss) for x2
    lpf.o(i.LPF_Calc3) refers to lpf.o(.data) for I3
    lpf.o(i.LPF_Calc3) refers to lpf.o(.bss) for x3
    lpf.o(i.LPF_Calc4) refers to lpf.o(.data) for I4
    lpf.o(i.LPF_Calc4) refers to lpf.o(.bss) for x4
    lpf.o(i.LPF_Calc5) refers to lpf.o(.data) for I5
    lpf.o(i.LPF_Calc5) refers to lpf.o(.bss) for x5
    lpf.o(i.LPF_Calc6) refers to lpf.o(.data) for I6
    lpf.o(i.LPF_Calc6) refers to lpf.o(.bss) for x6
    lpf.o(i.LPF_Calc7) refers to lpf.o(.data) for I7
    lpf.o(i.LPF_Calc7) refers to lpf.o(.bss) for x7
    lpf.o(i.LPF_Init) refers to lpf.o(.data) for Size1
    lpf.o(i.LPF_Init) refers to lpf.o(.bss) for x1
    lpf.o(i.LPF_Init2) refers to lpf.o(.data) for Size2
    lpf.o(i.LPF_Init2) refers to lpf.o(.bss) for x2
    lpf.o(i.LPF_Init3) refers to lpf.o(.data) for Size3
    lpf.o(i.LPF_Init3) refers to lpf.o(.bss) for x3
    lpf.o(i.LPF_Init4) refers to lpf.o(.data) for Size4
    lpf.o(i.LPF_Init4) refers to lpf.o(.bss) for x4
    lpf.o(i.LPF_Init5) refers to lpf.o(.data) for Size5
    lpf.o(i.LPF_Init5) refers to lpf.o(.bss) for x5
    lpf.o(i.LPF_Init6) refers to lpf.o(.data) for Size6
    lpf.o(i.LPF_Init6) refers to lpf.o(.bss) for x6
    lpf.o(i.LPF_Init7) refers to lpf.o(.data) for Size7
    lpf.o(i.LPF_Init7) refers to lpf.o(.bss) for x7
    lpf.o(i.Median) refers to lpf.o(.data) for u2
    lpf.o(i.Noise) refers to lpf.o(i.sqrt2) for sqrt2
    lpf.o(i.Noise) refers to lpf.o(.data) for Size1
    lpf.o(i.Noise) refers to lpf.o(.bss) for x1
    lpf.o(i.Noise2) refers to lpf.o(i.sqrt2) for sqrt2
    lpf.o(i.Noise2) refers to lpf.o(.data) for Size2
    lpf.o(i.Noise2) refers to lpf.o(.bss) for x2
    lpf.o(i.Noise3) refers to lpf.o(i.sqrt2) for sqrt2
    lpf.o(i.Noise3) refers to lpf.o(.data) for Size3
    lpf.o(i.Noise3) refers to lpf.o(.bss) for x3
    lpf.o(i.Noise4) refers to lpf.o(i.sqrt2) for sqrt2
    lpf.o(i.Noise4) refers to lpf.o(.data) for Size4
    lpf.o(i.Noise4) refers to lpf.o(.bss) for x4
    lpf.o(i.Noise5) refers to lpf.o(i.sqrt2) for sqrt2
    lpf.o(i.Noise5) refers to lpf.o(.data) for Size5
    lpf.o(i.Noise5) refers to lpf.o(.bss) for x5
    lpf.o(i.Noise6) refers to lpf.o(i.sqrt2) for sqrt2
    lpf.o(i.Noise6) refers to lpf.o(.data) for Size6
    lpf.o(i.Noise6) refers to lpf.o(.bss) for x6
    lpf.o(i.Noise7) refers to lpf.o(i.sqrt2) for sqrt2
    lpf.o(i.Noise7) refers to lpf.o(.data) for Size7
    lpf.o(i.Noise7) refers to lpf.o(.bss) for x7
    wtimer0a.o(i.WideTimer0A_Handler) refers to wtimer0a.o(.data) for WidePeriodicTask0
    wtimer0a.o(i.WideTimer0A_Init) refers to wtimer0a.o(.data) for WidePeriodicTask0
    edisk.o(i.SSI0_Init) refers to edisk.o(i.CS_Init) for CS_Init
    edisk.o(i.deselect) refers to edisk.o(i.xchg_spi) for xchg_spi
    edisk.o(i.disk_timerproc) refers to edisk.o(.data) for Timer1
    edisk.o(i.eDisk_Init) refers to edisk.o(i.init_spi) for init_spi
    edisk.o(i.eDisk_Init) refers to edisk.o(i.xchg_spi) for xchg_spi
    edisk.o(i.eDisk_Init) refers to edisk.o(i.send_cmd) for send_cmd
    edisk.o(i.eDisk_Init) refers to edisk.o(i.deselect) for deselect
    edisk.o(i.eDisk_Init) refers to edisk.o(.data) for Stat
    edisk.o(i.eDisk_Read) refers to edisk.o(i.send_cmd) for send_cmd
    edisk.o(i.eDisk_Read) refers to edisk.o(i.rcvr_datablock) for rcvr_datablock
    edisk.o(i.eDisk_Read) refers to edisk.o(i.deselect) for deselect
    edisk.o(i.eDisk_Read) refers to edisk.o(.data) for Stat
    edisk.o(i.eDisk_ReadBlock) refers to edisk.o(i.eDisk_Read) for eDisk_Read
    edisk.o(i.eDisk_Status) refers to edisk.o(.data) for Stat
    edisk.o(i.eDisk_Write) refers to edisk.o(i.send_cmd) for send_cmd
    edisk.o(i.eDisk_Write) refers to edisk.o(i.xmit_datablock) for xmit_datablock
    edisk.o(i.eDisk_Write) refers to edisk.o(i.deselect) for deselect
    edisk.o(i.eDisk_Write) refers to edisk.o(.data) for Stat
    edisk.o(i.eDisk_WriteBlock) refers to edisk.o(i.eDisk_Write) for eDisk_Write
    edisk.o(i.init_spi) refers to edisk.o(i.SSI0_Init) for SSI0_Init
    edisk.o(i.init_spi) refers to edisk.o(.data) for Timer1
    edisk.o(i.rcvr_datablock) refers to edisk.o(i.xchg_spi) for xchg_spi
    edisk.o(i.rcvr_datablock) refers to edisk.o(i.rcvr_spi_multi) for rcvr_spi_multi
    edisk.o(i.rcvr_datablock) refers to edisk.o(.data) for Timer1
    edisk.o(i.rcvr_spi_multi) refers to edisk.o(i.rcvr_spi) for rcvr_spi
    edisk.o(i.select) refers to edisk.o(i.xchg_spi) for xchg_spi
    edisk.o(i.select) refers to edisk.o(i.wait_ready) for wait_ready
    edisk.o(i.select) refers to edisk.o(i.deselect) for deselect
    edisk.o(i.send_cmd) refers to edisk.o(i.deselect) for deselect
    edisk.o(i.send_cmd) refers to edisk.o(i.select) for select
    edisk.o(i.send_cmd) refers to edisk.o(i.xchg_spi) for xchg_spi
    edisk.o(i.wait_ready) refers to edisk.o(i.xchg_spi) for xchg_spi
    edisk.o(i.wait_ready) refers to edisk.o(.data) for Timer2
    edisk.o(i.xmit_datablock) refers to edisk.o(i.wait_ready) for wait_ready
    edisk.o(i.xmit_datablock) refers to edisk.o(i.xchg_spi) for xchg_spi
    edisk.o(i.xmit_datablock) refers to edisk.o(i.xmit_spi_multi) for xmit_spi_multi
    pid_stm32.o(.text) refers to lab2.o(.data) for IntTerm
    osasm.o(.text) refers to os.o(.data) for RunPt
    uart0int.o(i.Fixed_Fix2Str) refers to strcpy.o(.text) for strcpy
    uart0int.o(i.RxFifo_Get) refers to uart0int.o(.data) for RxPutI
    uart0int.o(i.RxFifo_Get) refers to uart0int.o(.bss) for RxFifo
    uart0int.o(i.RxFifo_Init) refers to uart0int.o(.data) for RxGetI
    uart0int.o(i.RxFifo_Put) refers to uart0int.o(.data) for RxPutI
    uart0int.o(i.RxFifo_Put) refers to uart0int.o(.bss) for RxFifo
    uart0int.o(i.RxFifo_Size) refers to uart0int.o(.data) for RxPutI
    uart0int.o(i.TxFifo_Get) refers to uart0int.o(.data) for TxPutI
    uart0int.o(i.TxFifo_Get) refers to uart0int.o(.bss) for TxFifo
    uart0int.o(i.TxFifo_Init) refers to uart0int.o(.data) for TxGetI
    uart0int.o(i.TxFifo_Put) refers to uart0int.o(.data) for TxPutI
    uart0int.o(i.TxFifo_Put) refers to uart0int.o(.bss) for TxFifo
    uart0int.o(i.TxFifo_Size) refers to uart0int.o(.data) for TxPutI
    uart0int.o(i.UART0_Handler) refers to uart0int.o(i.copySoftwareToHardware) for copySoftwareToHardware
    uart0int.o(i.UART0_Handler) refers to uart0int.o(i.TxFifo_Size) for TxFifo_Size
    uart0int.o(i.UART0_Handler) refers to uart0int.o(i.copyHardwareToSoftware) for copyHardwareToSoftware
    uart0int.o(i.UART_Fix2) refers to uart0int.o(i.Fixed_Fix2Str) for Fixed_Fix2Str
    uart0int.o(i.UART_Fix2) refers to uart0int.o(i.UART_OutString) for UART_OutString
    uart0int.o(i.UART_InChar) refers to uart0int.o(i.RxFifo_Get) for RxFifo_Get
    uart0int.o(i.UART_InCharNonBlock) refers to uart0int.o(i.RxFifo_Get) for RxFifo_Get
    uart0int.o(i.UART_InString) refers to uart0int.o(i.UART_InChar) for UART_InChar
    uart0int.o(i.UART_InString) refers to uart0int.o(i.UART_OutChar) for UART_OutChar
    uart0int.o(i.UART_InUDec) refers to uart0int.o(i.UART_InChar) for UART_InChar
    uart0int.o(i.UART_InUDec) refers to uart0int.o(i.UART_OutChar) for UART_OutChar
    uart0int.o(i.UART_InUHex) refers to uart0int.o(i.UART_InChar) for UART_InChar
    uart0int.o(i.UART_InUHex) refers to uart0int.o(i.UART_OutChar) for UART_OutChar
    uart0int.o(i.UART_Init) refers to uart0int.o(i.RxFifo_Init) for RxFifo_Init
    uart0int.o(i.UART_Init) refers to uart0int.o(i.TxFifo_Init) for TxFifo_Init
    uart0int.o(i.UART_OutChar) refers to uart0int.o(i.TxFifo_Put) for TxFifo_Put
    uart0int.o(i.UART_OutChar) refers to uart0int.o(i.copySoftwareToHardware) for copySoftwareToHardware
    uart0int.o(i.UART_OutCharNonBlock) refers to uart0int.o(i.TxFifo_Put) for TxFifo_Put
    uart0int.o(i.UART_OutCharNonBlock) refers to uart0int.o(i.copySoftwareToHardware) for copySoftwareToHardware
    uart0int.o(i.UART_OutSDec) refers to uart0int.o(i.UART_OutChar) for UART_OutChar
    uart0int.o(i.UART_OutSDec) refers to uart0int.o(i.UART_OutUDec) for UART_OutUDec
    uart0int.o(i.UART_OutString) refers to uart0int.o(i.UART_OutChar) for UART_OutChar
    uart0int.o(i.UART_OutUDec) refers to uart0int.o(i.UART_OutChar) for UART_OutChar
    uart0int.o(i.UART_OutUHex) refers to uart0int.o(i.UART_OutChar) for UART_OutChar
    uart0int.o(i.copyHardwareToSoftware) refers to uart0int.o(i.RxFifo_Put) for RxFifo_Put
    uart0int.o(i.copyHardwareToSoftware) refers to uart0int.o(i.RxFifo_Size) for RxFifo_Size
    uart0int.o(i.copySoftwareToHardware) refers to uart0int.o(i.TxFifo_Get) for TxFifo_Get
    uart0int.o(i.copySoftwareToHardware) refers to uart0int.o(i.TxFifo_Size) for TxFifo_Size
    irdistance.o(i.IRDistance_Convert) refers to irdistance.o(.constdata) for IRmax
    adc.o(i.ADC_In) refers to adcswtrigger.o(i.ADC0_InSeq3) for ADC0_InSeq3
    adc.o(i.ADC_Init) refers to adcswtrigger.o(i.ADC0_InitSWTriggerSeq3) for ADC0_InitSWTriggerSeq3
    timer5a.o(i.Timer5A_Handler) refers to timer5a.o(.data) for PeriodicTask5
    timer5a.o(i.Timer5A_Init) refers to timer5a.o(.data) for PeriodicTask5
    entry.o(.ARM.Collect$$$$00000000) refers (Special) to entry10a.o(.ARM.Collect$$$$0000000D) for __rt_final_cpp
    entry.o(.ARM.Collect$$$$00000000) refers (Special) to entry11a.o(.ARM.Collect$$$$0000000F) for __rt_final_exit
    entry.o(.ARM.Collect$$$$00000000) refers (Special) to entry7b.o(.ARM.Collect$$$$00000008) for _main_clock
    entry.o(.ARM.Collect$$$$00000000) refers (Special) to entry8b.o(.ARM.Collect$$$$0000000A) for _main_cpp_init
    entry.o(.ARM.Collect$$$$00000000) refers (Special) to entry9a.o(.ARM.Collect$$$$0000000B) for _main_init
    entry.o(.ARM.Collect$$$$00000000) refers (Special) to entry5.o(.ARM.Collect$$$$00000004) for _main_scatterload
    entry.o(.ARM.Collect$$$$00000000) refers (Special) to entry2.o(.ARM.Collect$$$$00000001) for _main_stk
    strtok.o(.text) refers to strtok.o(.data) for .data
    strtok_r.o(.text) refers to strtok_r.o(.data) for .data
    atoi.o(.text) refers to errno.o(i.__aeabi_errno_addr) for __aeabi_errno_addr
    atoi.o(.text) refers to strtol.o(.text) for strtol
    entry2.o(.ARM.Collect$$$$00000001) refers to entry2.o(.ARM.Collect$$$$00002712) for __lit__00000000
    entry2.o(.ARM.Collect$$$$00002712) refers to startup.o(STACK) for __initial_sp
    entry2.o(__vectab_stack_and_reset_area) refers to startup.o(STACK) for __initial_sp
    entry2.o(__vectab_stack_and_reset_area) refers to entry.o(.ARM.Collect$$$$00000000) for __main
    entry5.o(.ARM.Collect$$$$00000004) refers to init.o(.text) for __scatterload
    entry9a.o(.ARM.Collect$$$$0000000B) refers to lab2.o(i.main) for main
    entry9b.o(.ARM.Collect$$$$0000000C) refers to lab2.o(i.main) for main
    errno.o(i.__aeabi_errno_addr) refers to errno.o(.data) for .data
    errno.o(i.__read_errno) refers to errno.o(.data) for .data
    errno.o(i.__set_errno) refers to errno.o(.data) for .data
    strtol.o(.text) refers to ctype_o.o(.text) for __rt_ctype_table
    strtol.o(.text) refers to _strtoul.o(.text) for _strtoul
    strtol.o(.text) refers to errno.o(i.__aeabi_errno_addr) for __aeabi_errno_addr
    init.o(.text) refers to entry5.o(.ARM.Collect$$$$00000004) for __main_after_scatterload
    ctype_o.o(.text) refers to ctype_o.o(.constdata) for .constdata
    ctype_o.o(.constdata) refers to ctype_o.o(.constdata) for __ctype_table
    isalnum_o.o(.text) refers to ctype_o.o(.text) for __rt_ctype_table
    isalpha_o.o(.text) refers to ctype_o.o(.text) for __rt_ctype_table
    isblank_o.o(.text) refers to ctype_o.o(.constdata) for __ctype_table
    iscntrl_o.o(.text) refers to ctype_o.o(.text) for __rt_ctype_table
    isdigit_o.o(.text) refers to ctype_o.o(.text) for __rt_ctype_table
    isgraph_o.o(.text) refers to ctype_o.o(.text) for __rt_ctype_table
    islower_o.o(.text) refers to ctype_o.o(.text) for __rt_ctype_table
    isprint_o.o(.text) refers to ctype_o.o(.text) for __rt_ctype_table
    ispunct_o.o(.text) refers to ctype_o.o(.text) for __rt_ctype_table
    isspace_o.o(.text) refers to ctype_o.o(.text) for __rt_ctype_table
    isupper_o.o(.text) refers to ctype_o.o(.text) for __rt_ctype_table
    isxdigit_o.o(.text) refers to ctype_o.o(.text) for __rt_ctype_table
    _strtoul.o(.text) refers to _chval.o(.text) for _chval
    _strtoul.o(.text) refers to errno.o(i.__aeabi_errno_addr) for __aeabi_errno_addr


==============================================================================

Removing Unused input sections from the image.

    Removing startup.o(HEAP), (0 bytes).
    Removing lab2.o(i.BackgroundThread1d), (28 bytes).
    Removing lab2.o(i.BackgroundThread1e), (56 bytes).
    Removing lab2.o(i.BackgroundThread5d), (32 bytes).
    Removing lab2.o(i.BackgroundThread5e), (32 bytes).
    Removing lab2.o(i.BackgroundThreadFIFOProducer), (44 bytes).
    Removing lab2.o(i.ConsumerThreadFIFO), (76 bytes).
    Removing lab2.o(i.FillerThreadFIFO), (24 bytes).
    Removing lab2.o(i.Testmain1), (108 bytes).
    Removing lab2.o(i.Testmain2), (108 bytes).
    Removing lab2.o(i.Testmain3), (84 bytes).
    Removing lab2.o(i.Testmain4), (124 bytes).
    Removing lab2.o(i.Testmain5), (140 bytes).
    Removing lab2.o(i.TestmainCS), (56 bytes).
    Removing lab2.o(i.TestmainFIFO), (136 bytes).
    Removing lab2.o(i.Thread1), (44 bytes).
    Removing lab2.o(i.Thread1b), (40 bytes).
    Removing lab2.o(i.Thread1c), (60 bytes).
    Removing lab2.o(i.Thread2), (44 bytes).
    Removing lab2.o(i.Thread2b), (40 bytes).
    Removing lab2.o(i.Thread2c), (76 bytes).
    Removing lab2.o(i.Thread2d), (104 bytes).
    Removing lab2.o(i.Thread2e), (52 bytes).
    Removing lab2.o(i.Thread3), (44 bytes).
    Removing lab2.o(i.Thread3b), (40 bytes).
    Removing lab2.o(i.Thread3c), (40 bytes).
    Removing lab2.o(i.Thread3d), (24 bytes).
    Removing lab2.o(i.Thread3e), (24 bytes).
    Removing lab2.o(i.Thread4d), (44 bytes).
    Removing lab2.o(i.Thread4e), (40 bytes).
    Removing lab2.o(i.Thread5d), (60 bytes).
    Removing lab2.o(i.ThreadCS), (20 bytes).
    Removing os.o(i.OS_AddSW2Task), (6 bytes).
    Removing os.o(i.OS_EndRedirectToFile), (4 bytes).
    Removing os.o(i.OS_Fifo_Size), (4 bytes).
    Removing os.o(i.OS_InitSemaphore), (2 bytes).
    Removing os.o(i.OS_LockScheduler), (4 bytes).
    Removing os.o(i.OS_RedirectToFile), (6 bytes).
    Removing os.o(i.OS_RedirectToST7735), (4 bytes).
    Removing os.o(i.OS_RedirectToUART), (4 bytes).
    Removing os.o(i.OS_Signal), (2 bytes).
    Removing os.o(i.OS_Suspend), (24 bytes).
    Removing os.o(i.OS_UnLockScheduler), (2 bytes).
    Removing os.o(i.OS_Wait), (2 bytes).
    Removing os.o(i.OS_bSignal), (2 bytes).
    Removing os.o(i.OS_bWait), (2 bytes).
    Removing os.o(i.SysTick_Init), (2 bytes).
    Removing os.o(i.fgetc), (20 bytes).
    Removing os.o(i.fputc), (16 bytes).
    Removing interpreter.o(i.Jitter), (2 bytes).
    Removing launchpad.o(i.DelayMs), (32 bytes).
    Removing launchpad.o(i.LaunchPad_Init), (92 bytes).
    Removing launchpad.o(i.LaunchPad_Input), (24 bytes).
    Removing launchpad.o(i.LaunchPad_Output), (12 bytes).
    Removing launchpad.o(i.LaunchPad_WaitForRelease), (56 bytes).
    Removing launchpad.o(i.LaunchPad_WaitForTouch), (32 bytes).
    Removing st7735.o(i.Delay1ms), (32 bytes).
    Removing st7735.o(i.ST7735_Color565), (24 bytes).
    Removing st7735.o(i.ST7735_DrawBitmap), (288 bytes).
    Removing st7735.o(i.ST7735_DrawChar), (272 bytes).
    Removing st7735.o(i.ST7735_DrawCircle), (168 bytes).
    Removing st7735.o(i.ST7735_DrawFastHLine), (124 bytes).
    Removing st7735.o(i.ST7735_DrawFastVLine), (124 bytes).
    Removing st7735.o(i.ST7735_DrawSmallCircle), (168 bytes).
    Removing st7735.o(i.ST7735_FillScreen), (36 bytes).
    Removing st7735.o(i.ST7735_InitB), (52 bytes).
    Removing st7735.o(i.ST7735_InitR), (136 bytes).
    Removing st7735.o(i.ST7735_InvertDisplay), (22 bytes).
    Removing st7735.o(i.ST7735_OutUDec2), (80 bytes).
    Removing st7735.o(i.ST7735_OutUDec4), (140 bytes).
    Removing st7735.o(i.ST7735_OutUDec5), (140 bytes).
    Removing st7735.o(i.ST7735_PlotBar), (88 bytes).
    Removing st7735.o(i.ST7735_PlotClear), (92 bytes).
    Removing st7735.o(i.ST7735_PlotLine), (264 bytes).
    Removing st7735.o(i.ST7735_PlotNext), (32 bytes).
    Removing st7735.o(i.ST7735_PlotNextErase), (64 bytes).
    Removing st7735.o(i.ST7735_PlotPoint), (152 bytes).
    Removing st7735.o(i.ST7735_PlotPoints), (172 bytes).
    Removing st7735.o(i.ST7735_PlotdBfs), (60 bytes).
    Removing st7735.o(i.ST7735_SetRotation), (212 bytes).
    Removing st7735.o(i.ST7735_SetTextColor), (12 bytes).
    Removing st7735.o(i.ST7735_SwapColor), (18 bytes).
    Removing st7735.o(i.commandList), (86 bytes).
    Removing st7735.o(i.commonInit), (396 bytes).
    Removing st7735.o(i.fillmessage4), (100 bytes).
    Removing st7735.o(i.fillmessage5), (128 bytes).
    Removing adcswtrigger.o(i.ADC0_InSeq2), (80 bytes).
    Removing adcswtrigger.o(i.ADC0_InSeq3_InternalTemperature), (64 bytes).
    Removing adcswtrigger.o(i.ADC0_InitSWTriggerSeq2), (224 bytes).
    Removing adcswtrigger.o(i.ADC0_InitSWTriggerSeq3_Ch7), (248 bytes).
    Removing adcswtrigger.o(i.ADC0_InitSWTriggerSeq3_Ch9), (248 bytes).
    Removing adcswtrigger.o(i.ADC0_InitSWTriggerSeq3_InternalTemperature), (128 bytes).
    Removing adcswtrigger.o(i.ADC_In3210), (80 bytes).
    Removing adcswtrigger.o(i.ADC_In89), (56 bytes).
    Removing adcswtrigger.o(i.ADC_Init3210), (248 bytes).
    Removing adcswtrigger.o(i.ADC_Init89), (220 bytes).
    Removing adcswtrigger.o(.data), (4 bytes).
    Removing adct0atrigger.o(i.ADC0_InitTimer0ATriggerSeq3PD3), (296 bytes).
    Removing lpf.o(i.LPF_Calc), (92 bytes).
    Removing lpf.o(i.LPF_Calc2), (92 bytes).
    Removing lpf.o(i.LPF_Calc3), (92 bytes).
    Removing lpf.o(i.LPF_Calc4), (92 bytes).
    Removing lpf.o(i.LPF_Calc5), (92 bytes).
    Removing lpf.o(i.LPF_Calc6), (92 bytes).
    Removing lpf.o(i.LPF_Calc7), (92 bytes).
    Removing lpf.o(i.LPF_Init), (72 bytes).
    Removing lpf.o(i.LPF_Init2), (72 bytes).
    Removing lpf.o(i.LPF_Init3), (72 bytes).
    Removing lpf.o(i.LPF_Init4), (72 bytes).
    Removing lpf.o(i.LPF_Init5), (72 bytes).
    Removing lpf.o(i.LPF_Init6), (72 bytes).
    Removing lpf.o(i.LPF_Init7), (72 bytes).
    Removing lpf.o(i.Median), (128 bytes).
    Removing lpf.o(i.Noise), (136 bytes).
    Removing lpf.o(i.Noise2), (136 bytes).
    Removing lpf.o(i.Noise3), (136 bytes).
    Removing lpf.o(i.Noise4), (136 bytes).
    Removing lpf.o(i.Noise5), (136 bytes).
    Removing lpf.o(i.Noise6), (136 bytes).
    Removing lpf.o(i.Noise7), (136 bytes).
    Removing lpf.o(i.sqrt2), (32 bytes).
    Removing wtimer0a.o(i.WideTimer0A_Init), (100 bytes).
    Removing wtimer0a.o(i.WideTimer0_Stop), (24 bytes).
    Removing edisk.o(i.CS_Init), (140 bytes).
    Removing edisk.o(i.SSI0_Init), (332 bytes).
    Removing edisk.o(i.deselect), (20 bytes).
    Removing edisk.o(i.disk_timerproc), (64 bytes).
    Removing edisk.o(i.eDisk_Init), (348 bytes).
    Removing edisk.o(i.eDisk_Read), (144 bytes).
    Removing edisk.o(i.eDisk_ReadBlock), (20 bytes).
    Removing edisk.o(i.eDisk_Status), (20 bytes).
    Removing edisk.o(i.eDisk_Write), (180 bytes).
    Removing edisk.o(i.eDisk_WriteBlock), (20 bytes).
    Removing edisk.o(i.init_spi), (40 bytes).
    Removing edisk.o(i.rcvr_datablock), (72 bytes).
    Removing edisk.o(i.rcvr_spi), (48 bytes).
    Removing edisk.o(i.rcvr_spi_multi), (24 bytes).
    Removing edisk.o(i.select), (48 bytes).
    Removing edisk.o(i.send_cmd), (150 bytes).
    Removing edisk.o(i.wait_ready), (48 bytes).
    Removing edisk.o(i.xchg_spi), (56 bytes).
    Removing edisk.o(i.xmit_datablock), (76 bytes).
    Removing edisk.o(i.xmit_spi_multi), (48 bytes).
    Removing edisk.o(.data), (13 bytes).
    Removing efile.o(i.eFile_Close), (4 bytes).
    Removing efile.o(i.eFile_Create), (6 bytes).
    Removing efile.o(i.eFile_Delete), (6 bytes).
    Removing efile.o(i.eFile_Directory), (6 bytes).
    Removing efile.o(i.eFile_Format), (4 bytes).
    Removing efile.o(i.eFile_Init), (4 bytes).
    Removing efile.o(i.eFile_RClose), (4 bytes).
    Removing efile.o(i.eFile_ROpen), (6 bytes).
    Removing efile.o(i.eFile_ReadNext), (6 bytes).
    Removing efile.o(i.eFile_WClose), (4 bytes).
    Removing efile.o(i.eFile_WOpen), (6 bytes).
    Removing efile.o(i.eFile_Write), (6 bytes).
    Removing uart0int.o(i.Fixed_Fix2Str), (252 bytes).
    Removing uart0int.o(i.RxFifo_Init), (20 bytes).
    Removing uart0int.o(i.TxFifo_Init), (20 bytes).
    Removing uart0int.o(i.UART_Fix2), (20 bytes).
    Removing uart0int.o(i.UART_InCharNonBlock), (20 bytes).
    Removing uart0int.o(i.UART_InUDec), (76 bytes).
    Removing uart0int.o(i.UART_InUHex), (108 bytes).
    Removing uart0int.o(i.UART_Init), (200 bytes).
    Removing uart0int.o(i.UART_OutCharNonBlock), (52 bytes).
    Removing uart0int.o(i.UART_OutSDec), (24 bytes).
    Removing uart0int.o(i.UART_OutUHex), (52 bytes).
    Removing timer5a.o(i.Timer5_Stop), (24 bytes).

168 unused section(s) (total 13003 bytes) removed from the image.

==============================================================================

Image Symbol Table

    Local Symbols

    Symbol Name                              Value     Ov Type        Size  Object(Section)

    RESET                                    0x00000000   Section      644  startup.o(RESET)
    ../clib/../cmprslib/zerorunl.c           0x00000000   Number         0  __dczerorl.o ABSOLUTE
    ../clib/microlib/ctype/ctype.c           0x00000000   Number         0  isgraph_o.o ABSOLUTE
    ../clib/microlib/ctype/ctype.c           0x00000000   Number         0  isprint_o.o ABSOLUTE
    ../clib/microlib/ctype/ctype.c           0x00000000   Number         0  ispunct_o.o ABSOLUTE
    ../clib/microlib/ctype/ctype.c           0x00000000   Number         0  isxdigit_o.o ABSOLUTE
    ../clib/microlib/ctype/ctype.c           0x00000000   Number         0  isspace_o.o ABSOLUTE
    ../clib/microlib/ctype/ctype.c           0x00000000   Number         0  islower_o.o ABSOLUTE
    ../clib/microlib/ctype/ctype.c           0x00000000   Number         0  isupper_o.o ABSOLUTE
    ../clib/microlib/ctype/ctype.c           0x00000000   Number         0  ctype_o.o ABSOLUTE
    ../clib/microlib/ctype/ctype.c           0x00000000   Number         0  isalnum_o.o ABSOLUTE
    ../clib/microlib/ctype/ctype.c           0x00000000   Number         0  isalpha_o.o ABSOLUTE
    ../clib/microlib/ctype/ctype.c           0x00000000   Number         0  isblank_o.o ABSOLUTE
    ../clib/microlib/ctype/ctype.c           0x00000000   Number         0  iscntrl_o.o ABSOLUTE
    ../clib/microlib/ctype/ctype.c           0x00000000   Number         0  isdigit_o.o ABSOLUTE
    ../clib/microlib/errno.c                 0x00000000   Number         0  errno.o ABSOLUTE
    ../clib/microlib/init/entry.s            0x00000000   Number         0  entry7a.o ABSOLUTE
    ../clib/microlib/init/entry.s            0x00000000   Number         0  entry9a.o ABSOLUTE
    ../clib/microlib/init/entry.s            0x00000000   Number         0  entry9b.o ABSOLUTE
    ../clib/microlib/init/entry.s            0x00000000   Number         0  entry10a.o ABSOLUTE
    ../clib/microlib/init/entry.s            0x00000000   Number         0  entry11a.o ABSOLUTE
    ../clib/microlib/init/entry.s            0x00000000   Number         0  entry10b.o ABSOLUTE
    ../clib/microlib/init/entry.s            0x00000000   Number         0  entry.o ABSOLUTE
    ../clib/microlib/init/entry.s            0x00000000   Number         0  entry2.o ABSOLUTE
    ../clib/microlib/init/entry.s            0x00000000   Number         0  entry5.o ABSOLUTE
    ../clib/microlib/init/entry.s            0x00000000   Number         0  entry11b.o ABSOLUTE
    ../clib/microlib/init/entry.s            0x00000000   Number         0  entry8a.o ABSOLUTE
    ../clib/microlib/init/entry.s            0x00000000   Number         0  entry7b.o ABSOLUTE
    ../clib/microlib/init/entry.s            0x00000000   Number         0  entry8b.o ABSOLUTE
    ../clib/microlib/string/strcpy.c         0x00000000   Number         0  strcpy.o ABSOLUTE
    ../clib/microlib/string/strncmp.c        0x00000000   Number         0  strncmp.o ABSOLUTE
    ../clib/microlib/string/strtok.c         0x00000000   Number         0  strtok_r.o ABSOLUTE
    ../clib/microlib/string/strtok.c         0x00000000   Number         0  strtok.o ABSOLUTE
    ../clib/scanf.c                          0x00000000   Number         0  _strtoul.o ABSOLUTE
    ../clib/scanf.c                          0x00000000   Number         0  atoi.o ABSOLUTE
    ../clib/scanf.c                          0x00000000   Number         0  strtol.o ABSOLUTE
    ../clib/scanf.c                          0x00000000   Number         0  _chval.o ABSOLUTE
    ..\RTOS_Labs_common\ADC.c                0x00000000   Number         0  adc.o ABSOLUTE
    ..\RTOS_Labs_common\Interpreter.c        0x00000000   Number         0  interpreter.o ABSOLUTE
    ..\RTOS_Labs_common\OS.c                 0x00000000   Number         0  os.o ABSOLUTE
    ..\RTOS_Labs_common\ST7735.c             0x00000000   Number         0  st7735.o ABSOLUTE
    ..\RTOS_Labs_common\UART0int.c           0x00000000   Number         0  uart0int.o ABSOLUTE
    ..\RTOS_Labs_common\eDisk.c              0x00000000   Number         0  edisk.o ABSOLUTE
    ..\RTOS_Labs_common\efile.c              0x00000000   Number         0  efile.o ABSOLUTE
    ..\RTOS_Labs_common\osasm.s              0x00000000   Number         0  osasm.o ABSOLUTE
    ..\inc\ADCSWTrigger.c                    0x00000000   Number         0  adcswtrigger.o ABSOLUTE
    ..\inc\ADCT0ATrigger.c                   0x00000000   Number         0  adct0atrigger.o ABSOLUTE
    ..\inc\IRDistance.c                      0x00000000   Number         0  irdistance.o ABSOLUTE
    ..\inc\LPF.c                             0x00000000   Number         0  lpf.o ABSOLUTE
    ..\inc\LaunchPad.c                       0x00000000   Number         0  launchpad.o ABSOLUTE
    ..\inc\PID_stm32.s                       0x00000000   Number         0  pid_stm32.o ABSOLUTE
    ..\inc\PLL.c                             0x00000000   Number         0  pll.o ABSOLUTE
    ..\inc\Timer5A.c                         0x00000000   Number         0  timer5a.o ABSOLUTE
    ..\inc\WTimer0A.c                        0x00000000   Number         0  wtimer0a.o ABSOLUTE
    ..\inc\cr4_fft_64_stm32.s                0x00000000   Number         0  cr4_fft_64_stm32.o ABSOLUTE
    Lab2.c                                   0x00000000   Number         0  lab2.o ABSOLUTE
    dc.s                                     0x00000000   Number         0  dc.o ABSOLUTE
    handlers.s                               0x00000000   Number         0  handlers.o ABSOLUTE
    init.s                                   0x00000000   Number         0  init.o ABSOLUTE
    startup.s                                0x00000000   Number         0  startup.o ABSOLUTE
    .ARM.Collect$$$$00000000                 0x00000284   Section        0  entry.o(.ARM.Collect$$$$00000000)
    .ARM.Collect$$$$00000001                 0x00000284   Section        4  entry2.o(.ARM.Collect$$$$00000001)
    .ARM.Collect$$$$00000004                 0x00000288   Section        4  entry5.o(.ARM.Collect$$$$00000004)
    .ARM.Collect$$$$00000008                 0x0000028c   Section        0  entry7b.o(.ARM.Collect$$$$00000008)
    .ARM.Collect$$$$0000000A                 0x0000028c   Section        0  entry8b.o(.ARM.Collect$$$$0000000A)
    .ARM.Collect$$$$0000000B                 0x0000028c   Section        8  entry9a.o(.ARM.Collect$$$$0000000B)
    .ARM.Collect$$$$0000000D                 0x00000294   Section        0  entry10a.o(.ARM.Collect$$$$0000000D)
    .ARM.Collect$$$$0000000F                 0x00000294   Section        0  entry11a.o(.ARM.Collect$$$$0000000F)
    .ARM.Collect$$$$00002712                 0x00000294   Section        4  entry2.o(.ARM.Collect$$$$00002712)
    __lit__00000000                          0x00000294   Data           4  entry2.o(.ARM.Collect$$$$00002712)
    .text                                    0x00000298   Section       28  startup.o(.text)
    .text                                    0x000002b4   Section      718  cr4_fft_64_stm32.o(.text)
    .text                                    0x00000584   Section       72  pid_stm32.o(.text)
    .text                                    0x000005cc   Section       80  osasm.o(.text)
    .text                                    0x0000061c   Section        0  strcpy.o(.text)
    .text                                    0x0000062e   Section        0  strncmp.o(.text)
    .text                                    0x0000064c   Section        0  strtok.o(.text)
    .text                                    0x00000690   Section        0  atoi.o(.text)
    .text                                    0x000006aa   Section        0  strtol.o(.text)
    .text                                    0x0000071c   Section       36  init.o(.text)
    .text                                    0x00000740   Section        0  ctype_o.o(.text)
    .text                                    0x00000748   Section        0  _strtoul.o(.text)
    .text                                    0x000007e6   Section        0  _chval.o(.text)
    .text                                    0x00000802   Section        0  __dczerorl.o(.text)
    i.ADC0Seq0_Handler                       0x0000083c   Section        0  adct0atrigger.o(i.ADC0Seq0_Handler)
    i.ADC0Seq3_Handler                       0x00000860   Section        0  adct0atrigger.o(i.ADC0Seq3_Handler)
    i.ADC0_InSeq3                            0x0000087c   Section        0  adcswtrigger.o(i.ADC0_InSeq3)
    i.ADC0_InitSWTriggerSeq3                 0x000008a8   Section        0  adcswtrigger.o(i.ADC0_InitSWTriggerSeq3)
    i.ADC0_InitTimer0ATriggerSeq0            0x00000ca0   Section        0  adct0atrigger.o(i.ADC0_InitTimer0ATriggerSeq0)
    i.ADC_In                                 0x00001100   Section        0  adc.o(i.ADC_In)
    i.ADC_Init                               0x00001108   Section        0  adc.o(i.ADC_Init)
    i.ButtonWork                             0x00001118   Section        0  lab2.o(i.ButtonWork)
    i.Consumer                               0x000011dc   Section        0  lab2.o(i.Consumer)
    i.DAS                                    0x00001264   Section        0  lab2.o(i.DAS)
    i.Display                                0x00001338   Section        0  lab2.o(i.Display)
    i.Filter                                 0x000013cc   Section        0  lpf.o(i.Filter)
    i.GPIOPortF_Handler                      0x00001494   Section        0  os.o(i.GPIOPortF_Handler)
    i.IRDistance_Convert                     0x00001498   Section        0  irdistance.o(i.IRDistance_Convert)
    i.Interpreter                            0x000014d8   Section        0  interpreter.o(i.Interpreter)
    i.OS_AddPeriodicThread                   0x00001758   Section        0  os.o(i.OS_AddPeriodicThread)
    i.OS_AddSW1Task                          0x0000175e   Section        0  os.o(i.OS_AddSW1Task)
    i.OS_AddThread                           0x00001764   Section        0  os.o(i.OS_AddThread)
    i.OS_ClearMsTime                         0x000017bc   Section        0  os.o(i.OS_ClearMsTime)
    i.OS_Fifo_Get                            0x000017dc   Section        0  os.o(i.OS_Fifo_Get)
    i.OS_Fifo_Init                           0x000017e0   Section        0  os.o(i.OS_Fifo_Init)
    i.OS_Fifo_Put                            0x000017e2   Section        0  os.o(i.OS_Fifo_Put)
    i.OS_Id                                  0x000017e8   Section        0  os.o(i.OS_Id)
    i.OS_Init                                0x000017ec   Section        0  os.o(i.OS_Init)
    i.OS_Kill                                0x00001824   Section        0  os.o(i.OS_Kill)
    i.OS_Launch                              0x0000182c   Section        0  os.o(i.OS_Launch)
    i.OS_MailBox_Init                        0x00001860   Section        0  os.o(i.OS_MailBox_Init)
    i.OS_MailBox_Recv                        0x00001862   Section        0  os.o(i.OS_MailBox_Recv)
    i.OS_MailBox_Send                        0x00001866   Section        0  os.o(i.OS_MailBox_Send)
    i.OS_MsTime                              0x00001868   Section        0  os.o(i.OS_MsTime)
    i.OS_Sleep                               0x00001874   Section        0  os.o(i.OS_Sleep)
    i.OS_Time                                0x00001876   Section        0  os.o(i.OS_Time)
    i.OS_TimeDifference                      0x0000187a   Section        0  os.o(i.OS_TimeDifference)
    i.PID                                    0x00001880   Section        0  lab2.o(i.PID)
    i.PLL_Init                               0x000018f8   Section        0  pll.o(i.PLL_Init)
    i.PortD_Init                             0x00001974   Section        0  lab2.o(i.PortD_Init)
    i.Producer                               0x000019dc   Section        0  lab2.o(i.Producer)
    i.RxFifo_Get                             0x00001a10   Section        0  uart0int.o(i.RxFifo_Get)
    i.RxFifo_Put                             0x00001a4c   Section        0  uart0int.o(i.RxFifo_Put)
    i.RxFifo_Size                            0x00001a88   Section        0  uart0int.o(i.RxFifo_Size)
    i.ST7735_DrawCharS                       0x00001aa0   Section        0  st7735.o(i.ST7735_DrawCharS)
    i.ST7735_DrawPixel                       0x00001b98   Section        0  st7735.o(i.ST7735_DrawPixel)
    i.ST7735_DrawString                      0x00001be0   Section        0  st7735.o(i.ST7735_DrawString)
    i.ST7735_FillRect                        0x00001c38   Section        0  st7735.o(i.ST7735_FillRect)
    i.ST7735_Message                         0x00001ce4   Section        0  st7735.o(i.ST7735_Message)
    i.ST7735_OutChar                         0x00001d44   Section        0  st7735.o(i.ST7735_OutChar)
    i.ST7735_OutString                       0x00001e18   Section        0  st7735.o(i.ST7735_OutString)
    i.ST7735_OutUDec                         0x00001e30   Section        0  st7735.o(i.ST7735_OutUDec)
    i.ST7735_SetCursor                       0x00001ebc   Section        0  st7735.o(i.ST7735_SetCursor)
    i.SW1Push                                0x00001edc   Section        0  lab2.o(i.SW1Push)
    i.SetInitialStack                        0x00001f0c   Section        0  os.o(i.SetInitialStack)
    i.SysTick_Handler                        0x0000205c   Section        0  os.o(i.SysTick_Handler)
    i.TimeIncr                               0x00002060   Section        0  os.o(i.TimeIncr)
    i.Timer5A_Handler                        0x00002070   Section        0  timer5a.o(i.Timer5A_Handler)
    i.Timer5A_Init                           0x00002088   Section        0  timer5a.o(i.Timer5A_Init)
    i.TxFifo_Get                             0x000020e8   Section        0  uart0int.o(i.TxFifo_Get)
    i.TxFifo_Put                             0x00002124   Section        0  uart0int.o(i.TxFifo_Put)
    i.TxFifo_Size                            0x00002160   Section        0  uart0int.o(i.TxFifo_Size)
    i.UART0_Handler                          0x00002178   Section        0  uart0int.o(i.UART0_Handler)
    i.UART_InChar                            0x000021d0   Section        0  uart0int.o(i.UART_InChar)
    i.UART_InString                          0x000021e4   Section        0  uart0int.o(i.UART_InString)
    i.UART_OutChar                           0x0000222c   Section        0  uart0int.o(i.UART_OutChar)
    i.UART_OutString                         0x00002260   Section        0  uart0int.o(i.UART_OutString)
    i.UART_OutUDec                           0x00002278   Section        0  uart0int.o(i.UART_OutUDec)
    i.WideTimer0A_Handler                    0x000022a4   Section        0  wtimer0a.o(i.WideTimer0A_Handler)
    i.__aeabi_errno_addr                     0x000022bc   Section        0  errno.o(i.__aeabi_errno_addr)
    i.__scatterload_copy                     0x000022c4   Section       14  handlers.o(i.__scatterload_copy)
    i.__scatterload_null                     0x000022d2   Section        2  handlers.o(i.__scatterload_null)
    i.__scatterload_zeroinit                 0x000022d4   Section       14  handlers.o(i.__scatterload_zeroinit)
    i.copyHardwareToSoftware                 0x000022e4   Section        0  uart0int.o(i.copyHardwareToSoftware)
    copyHardwareToSoftware                   0x000022e5   Thumb Code    40  uart0int.o(i.copyHardwareToSoftware)
    i.copySoftwareToHardware                 0x00002310   Section        0  uart0int.o(i.copySoftwareToHardware)
    copySoftwareToHardware                   0x00002311   Thumb Code    38  uart0int.o(i.copySoftwareToHardware)
    i.dummyADC                               0x0000233c   Section        0  adct0atrigger.o(i.dummyADC)
    i.fillmessage                            0x00002340   Section        0  st7735.o(i.fillmessage)
    i.main                                   0x00002388   Section        0  lab2.o(i.main)
    i.pushColor                              0x00002392   Section        0  st7735.o(i.pushColor)
    pushColor                                0x00002393   Thumb Code    18  st7735.o(i.pushColor)
    i.realmain                               0x000023a4   Section        0  lab2.o(i.realmain)
    i.setAddrWindow                          0x0000245c   Section        0  st7735.o(i.setAddrWindow)
    setAddrWindow                            0x0000245d   Thumb Code   106  st7735.o(i.setAddrWindow)
    i.tcb_alloc                              0x000024d0   Section        0  os.o(i.tcb_alloc)
    i.writecommand                           0x0000250c   Section        0  st7735.o(i.writecommand)
    writecommand                             0x0000250d   Thumb Code    68  st7735.o(i.writecommand)
    i.writedata                              0x0000255c   Section        0  st7735.o(i.writedata)
    writedata                                0x0000255d   Thumb Code    70  st7735.o(i.writedata)
    .constdata                               0x000025b0   Section        4  os.o(.constdata)
    .constdata                               0x000025b4   Section     2114  st7735.o(.constdata)
    Font                                     0x000025b4   Data        1275  st7735.o(.constdata)
    Bcmd                                     0x00002aaf   Data         103  st7735.o(.constdata)
    Rcmd1                                    0x00002b16   Data          59  st7735.o(.constdata)
    Rcmd2green                               0x00002b51   Data          13  st7735.o(.constdata)
    Rcmd2red                                 0x00002b5e   Data          13  st7735.o(.constdata)
    Rcmd3                                    0x00002b6b   Data          43  st7735.o(.constdata)
    .constdata                               0x00002df8   Section       64  irdistance.o(.constdata)
    .constdata                               0x00002e38   Section      129  ctype_o.o(.constdata)
    .constdata                               0x00002ebc   Section        4  ctype_o.o(.constdata)
    table                                    0x00002ebc   Data           4  ctype_o.o(.constdata)
    .conststring                             0x00002ec0   Section      487  interpreter.o(.conststring)
    .data                                    0x20000000   Section       88  lab2.o(.data)
    LastTime                                 0x20000050   Data           4  lab2.o(.data)
    i                                        0x20000054   Data           4  lab2.o(.data)
    .data                                    0x20000058   Section       12  os.o(.data)
    .data                                    0x20000064   Section       48  st7735.o(.data)
    ColStart                                 0x2000006e   Data           1  st7735.o(.data)
    RowStart                                 0x2000006f   Data           1  st7735.o(.data)
    Rotation                                 0x20000070   Data           1  st7735.o(.data)
    TabColor                                 0x20000071   Data           1  st7735.o(.data)
    _width                                   0x20000072   Data           2  st7735.o(.data)
    _height                                  0x20000074   Data           2  st7735.o(.data)
    .data                                    0x20000094   Section        8  adct0atrigger.o(.data)
    .data                                    0x2000009c   Section      156  lpf.o(.data)
    n                                        0x20000134   Data           4  lpf.o(.data)
    .data                                    0x20000138   Section        4  wtimer0a.o(.data)
    .data                                    0x2000013c   Section       16  uart0int.o(.data)
    .data                                    0x2000014c   Section        4  timer5a.o(.data)
    .data                                    0x20000150   Section        4  strtok.o(.data)
    state                                    0x20000150   Data           4  strtok.o(.data)
    .data                                    0x20000154   Section        4  errno.o(.data)
    _errno                                   0x20000154   Data           4  errno.o(.data)
    .bss                                     0x20000158   Section      512  lab2.o(.bss)
    .bss                                     0x20000358   Section     1564  os.o(.bss)
    .bss                                     0x20000974   Section       12  st7735.o(.bss)
    .bss                                     0x20000980   Section      496  lpf.o(.bss)
    x                                        0x20000b40   Data          24  lpf.o(.bss)
    y                                        0x20000b58   Data          24  lpf.o(.bss)
    .bss                                     0x20000b70   Section     2048  uart0int.o(.bss)
    RxFifo                                   0x20000b70   Data        1024  uart0int.o(.bss)
    TxFifo                                   0x20000f70   Data        1024  uart0int.o(.bss)
    STACK                                    0x20001370   Section     1024  startup.o(STACK)
    StackMem                                 0x20001370   Data           0  startup.o(STACK)

    Global Symbols

    Symbol Name                              Value     Ov Type        Size  Object(Section)

    BuildAttributes$$THM_ISAv4$E$P$D$K$B$S$7EM$PE$A:L22UL41UL21$X:L11$S22US41US21$IEEE1$IW$USESV6$~STKCKD$USESV7$~SHL$OSPACE$EBA8$MICROLIB$REQ8$PRES8$EABIv2 0x00000000   Number         0  anon$$obj.o ABSOLUTE
    __ARM_use_no_argv                        0x00000000   Number         0  lab2.o ABSOLUTE
    __Vectors                                0x00000000   Data           0  startup.o(RESET)
    __cpp_initialize__aeabi_                  - Undefined Weak Reference
    __cxa_finalize                            - Undefined Weak Reference
    _clock_init                               - Undefined Weak Reference
    _microlib_exit                            - Undefined Weak Reference
    Reset_Handler                            0x0000026d   Thumb Code     0  startup.o(RESET)
    NMI_Handler                              0x00000271   Thumb Code     2  startup.o(RESET)
    HardFault_Handler                        0x00000273   Thumb Code     2  startup.o(RESET)
    MemManage_Handler                        0x00000275   Thumb Code     2  startup.o(RESET)
    BusFault_Handler                         0x00000277   Thumb Code     2  startup.o(RESET)
    UsageFault_Handler                       0x00000279   Thumb Code     2  startup.o(RESET)
    SVC_Handler                              0x0000027b   Thumb Code     2  startup.o(RESET)
    DebugMon_Handler                         0x0000027d   Thumb Code     2  startup.o(RESET)
    ADC0Seq1_Handler                         0x00000283   Thumb Code     0  startup.o(RESET)
    ADC0Seq2_Handler                         0x00000283   Thumb Code     0  startup.o(RESET)
    ADC1Seq0_Handler                         0x00000283   Thumb Code     0  startup.o(RESET)
    ADC1Seq1_Handler                         0x00000283   Thumb Code     0  startup.o(RESET)
    ADC1Seq2_Handler                         0x00000283   Thumb Code     0  startup.o(RESET)
    ADC1Seq3_Handler                         0x00000283   Thumb Code     0  startup.o(RESET)
    CAN0_Handler                             0x00000283   Thumb Code     0  startup.o(RESET)
    CAN1_Handler                             0x00000283   Thumb Code     0  startup.o(RESET)
    CAN2_Handler                             0x00000283   Thumb Code     0  startup.o(RESET)
    Comp0_Handler                            0x00000283   Thumb Code     0  startup.o(RESET)
    Comp1_Handler                            0x00000283   Thumb Code     0  startup.o(RESET)
    Comp2_Handler                            0x00000283   Thumb Code     0  startup.o(RESET)
    Ethernet_Handler                         0x00000283   Thumb Code     0  startup.o(RESET)
    ExtBus_Handler                           0x00000283   Thumb Code     0  startup.o(RESET)
    FPU_Handler                              0x00000283   Thumb Code     0  startup.o(RESET)
    Fan0_Handler                             0x00000283   Thumb Code     0  startup.o(RESET)
    FlashCtl_Handler                         0x00000283   Thumb Code     0  startup.o(RESET)
    GPIOPortA_Handler                        0x00000283   Thumb Code     0  startup.o(RESET)
    GPIOPortB_Handler                        0x00000283   Thumb Code     0  startup.o(RESET)
    GPIOPortC_Handler                        0x00000283   Thumb Code     0  startup.o(RESET)
    GPIOPortD_Handler                        0x00000283   Thumb Code     0  startup.o(RESET)
    GPIOPortE_Handler                        0x00000283   Thumb Code     0  startup.o(RESET)
    GPIOPortG_Handler                        0x00000283   Thumb Code     0  startup.o(RESET)
    GPIOPortH_Handler                        0x00000283   Thumb Code     0  startup.o(RESET)
    GPIOPortJ_Handler                        0x00000283   Thumb Code     0  startup.o(RESET)
    GPIOPortK_Handler                        0x00000283   Thumb Code     0  startup.o(RESET)
    GPIOPortL_Handler                        0x00000283   Thumb Code     0  startup.o(RESET)
    GPIOPortM_Handler                        0x00000283   Thumb Code     0  startup.o(RESET)
    GPIOPortN_Handler                        0x00000283   Thumb Code     0  startup.o(RESET)
    GPIOPortP1_Handler                       0x00000283   Thumb Code     0  startup.o(RESET)
    GPIOPortP2_Handler                       0x00000283   Thumb Code     0  startup.o(RESET)
    GPIOPortP3_Handler                       0x00000283   Thumb Code     0  startup.o(RESET)
    GPIOPortP4_Handler                       0x00000283   Thumb Code     0  startup.o(RESET)
    GPIOPortP5_Handler                       0x00000283   Thumb Code     0  startup.o(RESET)
    GPIOPortP6_Handler                       0x00000283   Thumb Code     0  startup.o(RESET)
    GPIOPortP7_Handler                       0x00000283   Thumb Code     0  startup.o(RESET)
    GPIOPortP_Handler                        0x00000283   Thumb Code     0  startup.o(RESET)
    GPIOPortQ1_Handler                       0x00000283   Thumb Code     0  startup.o(RESET)
    GPIOPortQ2_Handler                       0x00000283   Thumb Code     0  startup.o(RESET)
    GPIOPortQ3_Handler                       0x00000283   Thumb Code     0  startup.o(RESET)
    GPIOPortQ4_Handler                       0x00000283   Thumb Code     0  startup.o(RESET)
    GPIOPortQ5_Handler                       0x00000283   Thumb Code     0  startup.o(RESET)
    GPIOPortQ6_Handler                       0x00000283   Thumb Code     0  startup.o(RESET)
    GPIOPortQ7_Handler                       0x00000283   Thumb Code     0  startup.o(RESET)
    GPIOPortQ_Handler                        0x00000283   Thumb Code     0  startup.o(RESET)
    GPIOPortR_Handler                        0x00000283   Thumb Code     0  startup.o(RESET)
    GPIOPortS_Handler                        0x00000283   Thumb Code     0  startup.o(RESET)
    Hibernate_Handler                        0x00000283   Thumb Code     0  startup.o(RESET)
    I2C0_Handler                             0x00000283   Thumb Code     0  startup.o(RESET)
    I2C1_Handler                             0x00000283   Thumb Code     0  startup.o(RESET)
    I2C2_Handler                             0x00000283   Thumb Code     0  startup.o(RESET)
    I2C3_Handler                             0x00000283   Thumb Code     0  startup.o(RESET)
    I2C4_Handler                             0x00000283   Thumb Code     0  startup.o(RESET)
    I2C5_Handler                             0x00000283   Thumb Code     0  startup.o(RESET)
    I2S0_Handler                             0x00000283   Thumb Code     0  startup.o(RESET)
    LPC0_Handler                             0x00000283   Thumb Code     0  startup.o(RESET)
    PECI0_Handler                            0x00000283   Thumb Code     0  startup.o(RESET)
    PWM0Fault_Handler                        0x00000283   Thumb Code     0  startup.o(RESET)
    PWM0Generator0_Handler                   0x00000283   Thumb Code     0  startup.o(RESET)
    PWM0Generator1_Handler                   0x00000283   Thumb Code     0  startup.o(RESET)
    PWM0Generator2_Handler                   0x00000283   Thumb Code     0  startup.o(RESET)
    PWM0Generator3_Handler                   0x00000283   Thumb Code     0  startup.o(RESET)
    PWM1Fault_Handler                        0x00000283   Thumb Code     0  startup.o(RESET)
    PWM1Generator0_Handler                   0x00000283   Thumb Code     0  startup.o(RESET)
    PWM1Generator1_Handler                   0x00000283   Thumb Code     0  startup.o(RESET)
    PWM1Generator2_Handler                   0x00000283   Thumb Code     0  startup.o(RESET)
    PWM1Generator3_Handler                   0x00000283   Thumb Code     0  startup.o(RESET)
    Quadrature0_Handler                      0x00000283   Thumb Code     0  startup.o(RESET)
    Quadrature1_Handler                      0x00000283   Thumb Code     0  startup.o(RESET)
    Quadrature2_Handler                      0x00000283   Thumb Code     0  startup.o(RESET)
    SSI0_Handler                             0x00000283   Thumb Code     0  startup.o(RESET)
    SSI1_Handler                             0x00000283   Thumb Code     0  startup.o(RESET)
    SSI2_Handler                             0x00000283   Thumb Code     0  startup.o(RESET)
    SSI3_Handler                             0x00000283   Thumb Code     0  startup.o(RESET)
    SysCtl_Handler                           0x00000283   Thumb Code     0  startup.o(RESET)
    Timer0A_Handler                          0x00000283   Thumb Code     0  startup.o(RESET)
    Timer0B_Handler                          0x00000283   Thumb Code     0  startup.o(RESET)
    Timer1A_Handler                          0x00000283   Thumb Code     0  startup.o(RESET)
    Timer1B_Handler                          0x00000283   Thumb Code     0  startup.o(RESET)
    Timer2A_Handler                          0x00000283   Thumb Code     0  startup.o(RESET)
    Timer2B_Handler                          0x00000283   Thumb Code     0  startup.o(RESET)
    Timer3A_Handler                          0x00000283   Thumb Code     0  startup.o(RESET)
    Timer3B_Handler                          0x00000283   Thumb Code     0  startup.o(RESET)
    Timer4A_Handler                          0x00000283   Thumb Code     0  startup.o(RESET)
    Timer4B_Handler                          0x00000283   Thumb Code     0  startup.o(RESET)
    Timer5B_Handler                          0x00000283   Thumb Code     0  startup.o(RESET)
    UART1_Handler                            0x00000283   Thumb Code     0  startup.o(RESET)
    UART2_Handler                            0x00000283   Thumb Code     0  startup.o(RESET)
    UART3_Handler                            0x00000283   Thumb Code     0  startup.o(RESET)
    UART4_Handler                            0x00000283   Thumb Code     0  startup.o(RESET)
    UART5_Handler                            0x00000283   Thumb Code     0  startup.o(RESET)
    UART6_Handler                            0x00000283   Thumb Code     0  startup.o(RESET)
    UART7_Handler                            0x00000283   Thumb Code     0  startup.o(RESET)
    USB0_Handler                             0x00000283   Thumb Code     0  startup.o(RESET)
    WDT_Handler                              0x00000283   Thumb Code     0  startup.o(RESET)
    WideTimer0B_Handler                      0x00000283   Thumb Code     0  startup.o(RESET)
    WideTimer1A_Handler                      0x00000283   Thumb Code     0  startup.o(RESET)
    WideTimer1B_Handler                      0x00000283   Thumb Code     0  startup.o(RESET)
    WideTimer2A_Handler                      0x00000283   Thumb Code     0  startup.o(RESET)
    WideTimer2B_Handler                      0x00000283   Thumb Code     0  startup.o(RESET)
    WideTimer3A_Handler                      0x00000283   Thumb Code     0  startup.o(RESET)
    WideTimer3B_Handler                      0x00000283   Thumb Code     0  startup.o(RESET)
    WideTimer4A_Handler                      0x00000283   Thumb Code     0  startup.o(RESET)
    WideTimer4B_Handler                      0x00000283   Thumb Code     0  startup.o(RESET)
    WideTimer5A_Handler                      0x00000283   Thumb Code     0  startup.o(RESET)
    WideTimer5B_Handler                      0x00000283   Thumb Code     0  startup.o(RESET)
    uDMA_Error                               0x00000283   Thumb Code     0  startup.o(RESET)
    uDMA_Handler                             0x00000283   Thumb Code     0  startup.o(RESET)
    __main                                   0x00000285   Thumb Code     0  entry.o(.ARM.Collect$$$$00000000)
    _main_stk                                0x00000285   Thumb Code     0  entry2.o(.ARM.Collect$$$$00000001)
    _main_scatterload                        0x00000289   Thumb Code     0  entry5.o(.ARM.Collect$$$$00000004)
    __main_after_scatterload                 0x0000028d   Thumb Code     0  entry5.o(.ARM.Collect$$$$00000004)
    _main_clock                              0x0000028d   Thumb Code     0  entry7b.o(.ARM.Collect$$$$00000008)
    _main_cpp_init                           0x0000028d   Thumb Code     0  entry8b.o(.ARM.Collect$$$$0000000A)
    _main_init                               0x0000028d   Thumb Code     0  entry9a.o(.ARM.Collect$$$$0000000B)
    __rt_final_cpp                           0x00000295   Thumb Code     0  entry10a.o(.ARM.Collect$$$$0000000D)
    __rt_final_exit                          0x00000295   Thumb Code     0  entry11a.o(.ARM.Collect$$$$0000000F)
    DisableInterrupts                        0x00000299   Thumb Code     0  startup.o(.text)
    EnableInterrupts                         0x0000029d   Thumb Code     0  startup.o(.text)
    StartCritical                            0x000002a1   Thumb Code     0  startup.o(.text)
    EndCritical                              0x000002a9   Thumb Code     0  startup.o(.text)
    WaitForInterrupt                         0x000002af   Thumb Code     0  startup.o(.text)
    cr4_fft_64_stm32                         0x000002b5   Thumb Code     0  cr4_fft_64_stm32.o(.text)
    PID_stm32                                0x00000585   Thumb Code     0  pid_stm32.o(.text)
    StartOS                                  0x000005cd   Thumb Code     0  osasm.o(.text)
    ContextSwitch                            0x000005ed   Thumb Code     0  osasm.o(.text)
    PendSV_Handler                           0x000005f7   Thumb Code     0  osasm.o(.text)
    strcpy                                   0x0000061d   Thumb Code    18  strcpy.o(.text)
    strncmp                                  0x0000062f   Thumb Code    30  strncmp.o(.text)
    strtok                                   0x0000064d   Thumb Code    62  strtok.o(.text)
    atoi                                     0x00000691   Thumb Code    26  atoi.o(.text)
    strtol                                   0x000006ab   Thumb Code   112  strtol.o(.text)
    __scatterload                            0x0000071d   Thumb Code    28  init.o(.text)
    __scatterload_rt2                        0x0000071d   Thumb Code     0  init.o(.text)
    __rt_ctype_table                         0x00000741   Thumb Code     4  ctype_o.o(.text)
    _strtoul                                 0x00000749   Thumb Code   158  _strtoul.o(.text)
    _chval                                   0x000007e7   Thumb Code    28  _chval.o(.text)
    __decompress                             0x00000803   Thumb Code     0  __dczerorl.o(.text)
    __decompress0                            0x00000803   Thumb Code    58  __dczerorl.o(.text)
    ADC0Seq0_Handler                         0x0000083d   Thumb Code    26  adct0atrigger.o(i.ADC0Seq0_Handler)
    ADC0Seq3_Handler                         0x00000861   Thumb Code    18  adct0atrigger.o(i.ADC0Seq3_Handler)
    ADC0_InSeq3                              0x0000087d   Thumb Code    38  adcswtrigger.o(i.ADC0_InSeq3)
    ADC0_InitSWTriggerSeq3                   0x000008a9   Thumb Code   976  adcswtrigger.o(i.ADC0_InitSWTriggerSeq3)
    ADC0_InitTimer0ATriggerSeq0              0x00000ca1   Thumb Code  1112  adct0atrigger.o(i.ADC0_InitTimer0ATriggerSeq0)
    ADC_In                                   0x00001101   Thumb Code     8  adc.o(i.ADC_In)
    ADC_Init                                 0x00001109   Thumb Code    14  adc.o(i.ADC_Init)
    ButtonWork                               0x00001119   Thumb Code   112  lab2.o(i.ButtonWork)
    Consumer                                 0x000011dd   Thumb Code   108  lab2.o(i.Consumer)
    DAS                                      0x00001265   Thumb Code   180  lab2.o(i.DAS)
    Display                                  0x00001339   Thumb Code   108  lab2.o(i.Display)
    Filter                                   0x000013cd   Thumb Code   186  lpf.o(i.Filter)
    GPIOPortF_Handler                        0x00001495   Thumb Code     2  os.o(i.GPIOPortF_Handler)
    IRDistance_Convert                       0x00001499   Thumb Code    46  irdistance.o(i.IRDistance_Convert)
    Interpreter                              0x000014d9   Thumb Code   410  interpreter.o(i.Interpreter)
    OS_AddPeriodicThread                     0x00001759   Thumb Code     6  os.o(i.OS_AddPeriodicThread)
    OS_AddSW1Task                            0x0000175f   Thumb Code     6  os.o(i.OS_AddSW1Task)
    OS_AddThread                             0x00001765   Thumb Code    76  os.o(i.OS_AddThread)
    OS_ClearMsTime                           0x000017bd   Thumb Code    20  os.o(i.OS_ClearMsTime)
    OS_Fifo_Get                              0x000017dd   Thumb Code     4  os.o(i.OS_Fifo_Get)
    OS_Fifo_Init                             0x000017e1   Thumb Code     2  os.o(i.OS_Fifo_Init)
    OS_Fifo_Put                              0x000017e3   Thumb Code     6  os.o(i.OS_Fifo_Put)
    OS_Id                                    0x000017e9   Thumb Code     4  os.o(i.OS_Id)
    OS_Init                                  0x000017ed   Thumb Code    50  os.o(i.OS_Init)
    OS_Kill                                  0x00001825   Thumb Code     8  os.o(i.OS_Kill)
    OS_Launch                                0x0000182d   Thumb Code    48  os.o(i.OS_Launch)
    OS_MailBox_Init                          0x00001861   Thumb Code     2  os.o(i.OS_MailBox_Init)
    OS_MailBox_Recv                          0x00001863   Thumb Code     4  os.o(i.OS_MailBox_Recv)
    OS_MailBox_Send                          0x00001867   Thumb Code     2  os.o(i.OS_MailBox_Send)
    OS_MsTime                                0x00001869   Thumb Code     6  os.o(i.OS_MsTime)
    OS_Sleep                                 0x00001875   Thumb Code     2  os.o(i.OS_Sleep)
    OS_Time                                  0x00001877   Thumb Code     4  os.o(i.OS_Time)
    OS_TimeDifference                        0x0000187b   Thumb Code     6  os.o(i.OS_TimeDifference)
    PID                                      0x00001881   Thumb Code    92  lab2.o(i.PID)
    PLL_Init                                 0x000018f9   Thumb Code   120  pll.o(i.PLL_Init)
    PortD_Init                               0x00001975   Thumb Code    88  lab2.o(i.PortD_Init)
    Producer                                 0x000019dd   Thumb Code    44  lab2.o(i.Producer)
    RxFifo_Get                               0x00001a11   Thumb Code    46  uart0int.o(i.RxFifo_Get)
    RxFifo_Put                               0x00001a4d   Thumb Code    48  uart0int.o(i.RxFifo_Put)
    RxFifo_Size                              0x00001a89   Thumb Code    14  uart0int.o(i.RxFifo_Size)
    ST7735_DrawCharS                         0x00001aa1   Thumb Code   236  st7735.o(i.ST7735_DrawCharS)
    ST7735_DrawPixel                         0x00001b99   Thumb Code    64  st7735.o(i.ST7735_DrawPixel)
    ST7735_DrawString                        0x00001be1   Thumb Code    86  st7735.o(i.ST7735_DrawString)
    ST7735_FillRect                          0x00001c39   Thumb Code   164  st7735.o(i.ST7735_FillRect)
    ST7735_Message                           0x00001ce5   Thumb Code    76  st7735.o(i.ST7735_Message)
    ST7735_OutChar                           0x00001d45   Thumb Code   176  st7735.o(i.ST7735_OutChar)
    ST7735_OutString                         0x00001e19   Thumb Code    24  st7735.o(i.ST7735_OutString)
    ST7735_OutUDec                           0x00001e31   Thumb Code   118  st7735.o(i.ST7735_OutUDec)
    ST7735_SetCursor                         0x00001ebd   Thumb Code    22  st7735.o(i.ST7735_SetCursor)
    SW1Push                                  0x00001edd   Thumb Code    38  lab2.o(i.SW1Push)
    SetInitialStack                          0x00001f0d   Thumb Code   328  os.o(i.SetInitialStack)
    SysTick_Handler                          0x0000205d   Thumb Code     2  os.o(i.SysTick_Handler)
    TimeIncr                                 0x00002061   Thumb Code    12  os.o(i.TimeIncr)
    Timer5A_Handler                          0x00002071   Thumb Code    16  timer5a.o(i.Timer5A_Handler)
    Timer5A_Init                             0x00002089   Thumb Code    76  timer5a.o(i.Timer5A_Init)
    TxFifo_Get                               0x000020e9   Thumb Code    46  uart0int.o(i.TxFifo_Get)
    TxFifo_Put                               0x00002125   Thumb Code    48  uart0int.o(i.TxFifo_Put)
    TxFifo_Size                              0x00002161   Thumb Code    14  uart0int.o(i.TxFifo_Size)
    UART0_Handler                            0x00002179   Thumb Code    82  uart0int.o(i.UART0_Handler)
    UART_InChar                              0x000021d1   Thumb Code    20  uart0int.o(i.UART_InChar)
    UART_InString                            0x000021e5   Thumb Code    70  uart0int.o(i.UART_InString)
    UART_OutChar                             0x0000222d   Thumb Code    46  uart0int.o(i.UART_OutChar)
    UART_OutString                           0x00002261   Thumb Code    24  uart0int.o(i.UART_OutString)
    UART_OutUDec                             0x00002279   Thumb Code    42  uart0int.o(i.UART_OutUDec)
    WideTimer0A_Handler                      0x000022a5   Thumb Code    16  wtimer0a.o(i.WideTimer0A_Handler)
    __aeabi_errno_addr                       0x000022bd   Thumb Code     4  errno.o(i.__aeabi_errno_addr)
    __rt_errno_addr                          0x000022bd   Thumb Code     0  errno.o(i.__aeabi_errno_addr)
    __scatterload_copy                       0x000022c5   Thumb Code    14  handlers.o(i.__scatterload_copy)
    __scatterload_null                       0x000022d3   Thumb Code     2  handlers.o(i.__scatterload_null)
    __scatterload_zeroinit                   0x000022d5   Thumb Code    14  handlers.o(i.__scatterload_zeroinit)
    dummyADC                                 0x0000233d   Thumb Code     2  adct0atrigger.o(i.dummyADC)
    fillmessage                              0x00002341   Thumb Code    64  st7735.o(i.fillmessage)
    main                                     0x00002389   Thumb Code    10  lab2.o(i.main)
    realmain                                 0x000023a5   Thumb Code   140  lab2.o(i.realmain)
    tcb_alloc                                0x000024d1   Thumb Code    56  os.o(i.tcb_alloc)
    JitterSize                               0x000025b0   Data           4  os.o(.constdata)
    smallCircle                              0x00002b96   Data          36  st7735.o(.constdata)
    circle                                   0x00002bba   Data          60  st7735.o(.constdata)
    dBfs                                     0x00002bf6   Data         512  st7735.o(.constdata)
    A                                        0x00002df8   Data          16  irdistance.o(.constdata)
    B                                        0x00002e08   Data          16  irdistance.o(.constdata)
    C                                        0x00002e18   Data          16  irdistance.o(.constdata)
    IRmax                                    0x00002e28   Data          16  irdistance.o(.constdata)
    __ctype_table                            0x00002e38   Data         129  ctype_o.o(.constdata)
    Region$$Table$$Base                      0x000030a8   Number         0  anon$$obj.o(Region$$Table)
    Region$$Table$$Limit                     0x000030c8   Number         0  anon$$obj.o(Region$$Table)
    NumCreated                               0x20000000   Data           4  lab2.o(.data)
    PIDWork                                  0x20000004   Data           4  lab2.o(.data)
    FilterWork                               0x20000008   Data           4  lab2.o(.data)
    NumSamples                               0x2000000c   Data           4  lab2.o(.data)
    DataLost                                 0x20000010   Data           4  lab2.o(.data)
    DASoutput                                0x20000014   Data           4  lab2.o(.data)
    IntTerm                                  0x20000018   Data           2  lab2.o(.data)
    PrevError                                0x2000001a   Data           2  lab2.o(.data)
    Coeff                                    0x2000001c   Data           6  lab2.o(.data)
    Actuator                                 0x20000022   Data           2  lab2.o(.data)
    Count1                                   0x20000024   Data           4  lab2.o(.data)
    Count2                                   0x20000028   Data           4  lab2.o(.data)
    Count3                                   0x2000002c   Data           4  lab2.o(.data)
    Count4                                   0x20000030   Data           4  lab2.o(.data)
    Count5                                   0x20000034   Data           4  lab2.o(.data)
    Readyd                                   0x20000038   Data           4  lab2.o(.data)
    Lost                                     0x2000003c   Data           4  lab2.o(.data)
    Readye                                   0x20000040   Data           4  lab2.o(.data)
    OtherCount1                              0x20000044   Data           4  lab2.o(.data)
    Expected8                                0x20000048   Data           4  lab2.o(.data)
    Error8                                   0x2000004c   Data           4  lab2.o(.data)
    RunPt                                    0x20000058   Data           4  os.o(.data)
    MaxJitter                                0x2000005c   Data           4  os.o(.data)
    MsTime                                   0x20000060   Data           4  os.o(.data)
    StX                                      0x20000064   Data           4  st7735.o(.data)
    StY                                      0x20000068   Data           4  st7735.o(.data)
    StTextColor                              0x2000006c   Data           2  st7735.o(.data)
    LCDFree                                  0x20000078   Data           4  st7735.o(.data)
    Messageindex                             0x2000007c   Data           4  st7735.o(.data)
    Ymax                                     0x20000080   Data           4  st7735.o(.data)
    Ymin                                     0x20000084   Data           4  st7735.o(.data)
    X                                        0x20000088   Data           4  st7735.o(.data)
    Yrange                                   0x2000008c   Data           4  st7735.o(.data)
    lastj                                    0x20000090   Data           4  st7735.o(.data)
    ADCTask                                  0x20000094   Data           4  adct0atrigger.o(.data)
    PD3data                                  0x20000098   Data           4  adct0atrigger.o(.data)
    Size1                                    0x2000009c   Data           4  lpf.o(.data)
    I1                                       0x200000a0   Data           4  lpf.o(.data)
    LPFSum1                                  0x200000a4   Data           4  lpf.o(.data)
    sigma1                                   0x200000a8   Data           4  lpf.o(.data)
    snr1                                     0x200000ac   Data           4  lpf.o(.data)
    Size2                                    0x200000b0   Data           4  lpf.o(.data)
    I2                                       0x200000b4   Data           4  lpf.o(.data)
    LPFSum2                                  0x200000b8   Data           4  lpf.o(.data)
    sigma2                                   0x200000bc   Data           4  lpf.o(.data)
    snr2                                     0x200000c0   Data           4  lpf.o(.data)
    Size3                                    0x200000c4   Data           4  lpf.o(.data)
    I3                                       0x200000c8   Data           4  lpf.o(.data)
    LPFSum3                                  0x200000cc   Data           4  lpf.o(.data)
    sigma3                                   0x200000d0   Data           4  lpf.o(.data)
    snr3                                     0x200000d4   Data           4  lpf.o(.data)
    Size4                                    0x200000d8   Data           4  lpf.o(.data)
    I4                                       0x200000dc   Data           4  lpf.o(.data)
    LPFSum4                                  0x200000e0   Data           4  lpf.o(.data)
    sigma4                                   0x200000e4   Data           4  lpf.o(.data)
    snr4                                     0x200000e8   Data           4  lpf.o(.data)
    Size5                                    0x200000ec   Data           4  lpf.o(.data)
    I5                                       0x200000f0   Data           4  lpf.o(.data)
    LPFSum5                                  0x200000f4   Data           4  lpf.o(.data)
    sigma5                                   0x200000f8   Data           4  lpf.o(.data)
    snr5                                     0x200000fc   Data           4  lpf.o(.data)
    Size6                                    0x20000100   Data           4  lpf.o(.data)
    I6                                       0x20000104   Data           4  lpf.o(.data)
    LPFSum6                                  0x20000108   Data           4  lpf.o(.data)
    sigma6                                   0x2000010c   Data           4  lpf.o(.data)
    snr6                                     0x20000110   Data           4  lpf.o(.data)
    Size7                                    0x20000114   Data           4  lpf.o(.data)
    I7                                       0x20000118   Data           4  lpf.o(.data)
    LPFSum7                                  0x2000011c   Data           4  lpf.o(.data)
    sigma7                                   0x20000120   Data           4  lpf.o(.data)
    snr7                                     0x20000124   Data           4  lpf.o(.data)
    u1                                       0x20000128   Data           4  lpf.o(.data)
    u2                                       0x2000012c   Data           4  lpf.o(.data)
    u3                                       0x20000130   Data           4  lpf.o(.data)
    WidePeriodicTask0                        0x20000138   Data           4  wtimer0a.o(.data)
    RxPutI                                   0x2000013c   Data           4  uart0int.o(.data)
    RxGetI                                   0x20000140   Data           4  uart0int.o(.data)
    TxPutI                                   0x20000144   Data           4  uart0int.o(.data)
    TxGetI                                   0x20000148   Data           4  uart0int.o(.data)
    PeriodicTask5                            0x2000014c   Data           4  timer5a.o(.data)
    x                                        0x20000158   Data         256  lab2.o(.bss)
    y                                        0x20000258   Data         256  lab2.o(.bss)
    tcbs                                     0x20000358   Data         108  os.o(.bss)
    Stacks                                   0x200003c4   Data        1200  os.o(.bss)
    JitterHistogram                          0x20000874   Data         256  os.o(.bss)
    Message                                  0x20000974   Data          12  st7735.o(.bss)
    x1                                       0x20000980   Data          64  lpf.o(.bss)
    x2                                       0x200009c0   Data          64  lpf.o(.bss)
    x3                                       0x20000a00   Data          64  lpf.o(.bss)
    x4                                       0x20000a40   Data          64  lpf.o(.bss)
    x5                                       0x20000a80   Data          64  lpf.o(.bss)
    x6                                       0x20000ac0   Data          64  lpf.o(.bss)
    x7                                       0x20000b00   Data          64  lpf.o(.bss)
    __initial_sp                             0x20001770   Data           0  startup.o(STACK)



==============================================================================

Memory Map of the image

  Image Entry point : 0x0000026d

  Load Region LR_1 (Base: 0x00000000, Size: 0x00003220, Max: 0xffffffff, ABSOLUTE, COMPRESSED[0x000030d8])

    Execution Region ER_RO (Exec base: 0x00000000, Load base: 0x00000000, Size: 0x000030c8, Max: 0xffffffff, ABSOLUTE)

    Exec Addr    Load Addr    Size         Type   Attr      Idx    E Section Name        Object

    0x00000000   0x00000000   0x00000284   Code   RO            3  * RESET               startup.o
    0x00000284   0x00000284   0x00000000   Code   RO         1692  * .ARM.Collect$$$$00000000  mc_w.l(entry.o)
    0x00000284   0x00000284   0x00000004   Code   RO         1707    .ARM.Collect$$$$00000001  mc_w.l(entry2.o)
    0x00000288   0x00000288   0x00000004   Code   RO         1710    .ARM.Collect$$$$00000004  mc_w.l(entry5.o)
    0x0000028c   0x0000028c   0x00000000   Code   RO         1712    .ARM.Collect$$$$00000008  mc_w.l(entry7b.o)
    0x0000028c   0x0000028c   0x00000000   Code   RO         1714    .ARM.Collect$$$$0000000A  mc_w.l(entry8b.o)
    0x0000028c   0x0000028c   0x00000008   Code   RO         1715    .ARM.Collect$$$$0000000B  mc_w.l(entry9a.o)
    0x00000294   0x00000294   0x00000000   Code   RO         1717    .ARM.Collect$$$$0000000D  mc_w.l(entry10a.o)
    0x00000294   0x00000294   0x00000000   Code   RO         1719    .ARM.Collect$$$$0000000F  mc_w.l(entry11a.o)
    0x00000294   0x00000294   0x00000004   Code   RO         1708    .ARM.Collect$$$$00002712  mc_w.l(entry2.o)
    0x00000298   0x00000298   0x0000001c   Code   RO            4    .text               startup.o
    0x000002b4   0x000002b4   0x000002ce   Code   RO         1459    .text               cr4_fft_64_stm32.o
    0x00000582   0x00000582   0x00000002   PAD
    0x00000584   0x00000584   0x00000048   Code   RO         1462    .text               pid_stm32.o
    0x000005cc   0x000005cc   0x00000050   Code   RO         1465    .text               osasm.o
    0x0000061c   0x0000061c   0x00000012   Code   RO         1695    .text               mc_w.l(strcpy.o)
    0x0000062e   0x0000062e   0x0000001e   Code   RO         1697    .text               mc_w.l(strncmp.o)
    0x0000064c   0x0000064c   0x00000044   Code   RO         1699    .text               mc_w.l(strtok.o)
    0x00000690   0x00000690   0x0000001a   Code   RO         1705    .text               mc_w.l(atoi.o)
    0x000006aa   0x000006aa   0x00000070   Code   RO         1728    .text               mc_w.l(strtol.o)
    0x0000071a   0x0000071a   0x00000002   PAD
    0x0000071c   0x0000071c   0x00000024   Code   RO         1730    .text               mc_w.l(init.o)
    0x00000740   0x00000740   0x00000008   Code   RO         1732    .text               mc_w.l(ctype_o.o)
    0x00000748   0x00000748   0x0000009e   Code   RO         1760    .text               mc_w.l(_strtoul.o)
    0x000007e6   0x000007e6   0x0000001c   Code   RO         1762    .text               mc_w.l(_chval.o)
    0x00000802   0x00000802   0x0000003a   Code   RO         1772    .text               mc_w.l(__dczerorl.o)
    0x0000083c   0x0000083c   0x00000024   Code   RO         1044    i.ADC0Seq0_Handler  adct0atrigger.o
    0x00000860   0x00000860   0x0000001c   Code   RO         1045    i.ADC0Seq3_Handler  adct0atrigger.o
    0x0000087c   0x0000087c   0x0000002c   Code   RO          964    i.ADC0_InSeq3       adcswtrigger.o
    0x000008a8   0x000008a8   0x000003f8   Code   RO          967    i.ADC0_InitSWTriggerSeq3  adcswtrigger.o
    0x00000ca0   0x00000ca0   0x00000460   Code   RO         1046    i.ADC0_InitTimer0ATriggerSeq0  adct0atrigger.o
    0x00001100   0x00001100   0x00000008   Code   RO         1647    i.ADC_In            adc.o
    0x00001108   0x00001108   0x0000000e   Code   RO         1648    i.ADC_Init          adc.o
    0x00001116   0x00001116   0x00000002   PAD
    0x00001118   0x00001118   0x000000c4   Code   RO           17    i.ButtonWork        lab2.o
    0x000011dc   0x000011dc   0x00000088   Code   RO           18    i.Consumer          lab2.o
    0x00001264   0x00001264   0x000000d4   Code   RO           20    i.DAS               lab2.o
    0x00001338   0x00001338   0x00000094   Code   RO           21    i.Display           lab2.o
    0x000013cc   0x000013cc   0x000000c8   Code   RO         1083    i.Filter            lpf.o
    0x00001494   0x00001494   0x00000002   Code   RO          303    i.GPIOPortF_Handler  os.o
    0x00001496   0x00001496   0x00000002   PAD
    0x00001498   0x00001498   0x00000040   Code   RO         1632    i.IRDistance_Convert  irdistance.o
    0x000014d8   0x000014d8   0x00000280   Code   RO          594    i.Interpreter       interpreter.o
    0x00001758   0x00001758   0x00000006   Code   RO          304    i.OS_AddPeriodicThread  os.o
    0x0000175e   0x0000175e   0x00000006   Code   RO          305    i.OS_AddSW1Task     os.o
    0x00001764   0x00001764   0x00000058   Code   RO          307    i.OS_AddThread      os.o
    0x000017bc   0x000017bc   0x00000020   Code   RO          308    i.OS_ClearMsTime    os.o
    0x000017dc   0x000017dc   0x00000004   Code   RO          310    i.OS_Fifo_Get       os.o
    0x000017e0   0x000017e0   0x00000002   Code   RO          311    i.OS_Fifo_Init      os.o
    0x000017e2   0x000017e2   0x00000006   Code   RO          312    i.OS_Fifo_Put       os.o
    0x000017e8   0x000017e8   0x00000004   Code   RO          314    i.OS_Id             os.o
    0x000017ec   0x000017ec   0x00000038   Code   RO          315    i.OS_Init           os.o
    0x00001824   0x00001824   0x00000008   Code   RO          317    i.OS_Kill           os.o
    0x0000182c   0x0000182c   0x00000034   Code   RO          318    i.OS_Launch         os.o
    0x00001860   0x00001860   0x00000002   Code   RO          320    i.OS_MailBox_Init   os.o
    0x00001862   0x00001862   0x00000004   Code   RO          321    i.OS_MailBox_Recv   os.o
    0x00001866   0x00001866   0x00000002   Code   RO          322    i.OS_MailBox_Send   os.o
    0x00001868   0x00001868   0x0000000c   Code   RO          323    i.OS_MsTime         os.o
    0x00001874   0x00001874   0x00000002   Code   RO          328    i.OS_Sleep          os.o
    0x00001876   0x00001876   0x00000004   Code   RO          330    i.OS_Time           os.o
    0x0000187a   0x0000187a   0x00000006   Code   RO          331    i.OS_TimeDifference  os.o
    0x00001880   0x00001880   0x00000078   Code   RO           23    i.PID               lab2.o
    0x000018f8   0x000018f8   0x0000007c   Code   RO          679    i.PLL_Init          pll.o
    0x00001974   0x00001974   0x00000068   Code   RO           24    i.PortD_Init        lab2.o
    0x000019dc   0x000019dc   0x00000034   Code   RO           25    i.Producer          lab2.o
    0x00001a10   0x00001a10   0x0000003c   Code   RO         1469    i.RxFifo_Get        uart0int.o
    0x00001a4c   0x00001a4c   0x0000003c   Code   RO         1471    i.RxFifo_Put        uart0int.o
    0x00001a88   0x00001a88   0x00000018   Code   RO         1472    i.RxFifo_Size       uart0int.o
    0x00001aa0   0x00001aa0   0x000000f8   Code   RO          698    i.ST7735_DrawCharS  st7735.o
    0x00001b98   0x00001b98   0x00000048   Code   RO          702    i.ST7735_DrawPixel  st7735.o
    0x00001be0   0x00001be0   0x00000056   Code   RO          704    i.ST7735_DrawString  st7735.o
    0x00001c36   0x00001c36   0x00000002   PAD
    0x00001c38   0x00001c38   0x000000ac   Code   RO          705    i.ST7735_FillRect   st7735.o
    0x00001ce4   0x00001ce4   0x00000060   Code   RO          710    i.ST7735_Message    st7735.o
    0x00001d44   0x00001d44   0x000000d4   Code   RO          711    i.ST7735_OutChar    st7735.o
    0x00001e18   0x00001e18   0x00000018   Code   RO          712    i.ST7735_OutString  st7735.o
    0x00001e30   0x00001e30   0x0000008c   Code   RO          713    i.ST7735_OutUDec    st7735.o
    0x00001ebc   0x00001ebc   0x00000020   Code   RO          725    i.ST7735_SetCursor  st7735.o
    0x00001edc   0x00001edc   0x00000030   Code   RO           26    i.SW1Push           lab2.o
    0x00001f0c   0x00001f0c   0x00000150   Code   RO          336    i.SetInitialStack   os.o
    0x0000205c   0x0000205c   0x00000002   Code   RO          337    i.SysTick_Handler   os.o
    0x0000205e   0x0000205e   0x00000002   PAD
    0x00002060   0x00002060   0x00000010   Code   RO          339    i.TimeIncr          os.o
    0x00002070   0x00002070   0x00000018   Code   RO         1665    i.Timer5A_Handler   timer5a.o
    0x00002088   0x00002088   0x00000060   Code   RO         1666    i.Timer5A_Init      timer5a.o
    0x000020e8   0x000020e8   0x0000003c   Code   RO         1473    i.TxFifo_Get        uart0int.o
    0x00002124   0x00002124   0x0000003c   Code   RO         1475    i.TxFifo_Put        uart0int.o
    0x00002160   0x00002160   0x00000018   Code   RO         1476    i.TxFifo_Size       uart0int.o
    0x00002178   0x00002178   0x00000058   Code   RO         1477    i.UART0_Handler     uart0int.o
    0x000021d0   0x000021d0   0x00000014   Code   RO         1479    i.UART_InChar       uart0int.o
    0x000021e4   0x000021e4   0x00000046   Code   RO         1481    i.UART_InString     uart0int.o
    0x0000222a   0x0000222a   0x00000002   PAD
    0x0000222c   0x0000222c   0x00000034   Code   RO         1485    i.UART_OutChar      uart0int.o
    0x00002260   0x00002260   0x00000018   Code   RO         1488    i.UART_OutString    uart0int.o
    0x00002278   0x00002278   0x0000002a   Code   RO         1489    i.UART_OutUDec      uart0int.o
    0x000022a2   0x000022a2   0x00000002   PAD
    0x000022a4   0x000022a4   0x00000018   Code   RO         1237    i.WideTimer0A_Handler  wtimer0a.o
    0x000022bc   0x000022bc   0x00000008   Code   RO         1721    i.__aeabi_errno_addr  mc_w.l(errno.o)
    0x000022c4   0x000022c4   0x0000000e   Code   RO         1766    i.__scatterload_copy  mc_w.l(handlers.o)
    0x000022d2   0x000022d2   0x00000002   Code   RO         1767    i.__scatterload_null  mc_w.l(handlers.o)
    0x000022d4   0x000022d4   0x0000000e   Code   RO         1768    i.__scatterload_zeroinit  mc_w.l(handlers.o)
    0x000022e2   0x000022e2   0x00000002   PAD
    0x000022e4   0x000022e4   0x0000002c   Code   RO         1491    i.copyHardwareToSoftware  uart0int.o
    0x00002310   0x00002310   0x0000002c   Code   RO         1492    i.copySoftwareToHardware  uart0int.o
    0x0000233c   0x0000233c   0x00000002   Code   RO         1048    i.dummyADC          adct0atrigger.o
    0x0000233e   0x0000233e   0x00000002   PAD
    0x00002340   0x00002340   0x00000048   Code   RO          731    i.fillmessage       st7735.o
    0x00002388   0x00002388   0x0000000a   Code   RO           51    i.main              lab2.o
    0x00002392   0x00002392   0x00000012   Code   RO          734    i.pushColor         st7735.o
    0x000023a4   0x000023a4   0x000000b8   Code   RO           52    i.realmain          lab2.o
    0x0000245c   0x0000245c   0x00000074   Code   RO          735    i.setAddrWindow     st7735.o
    0x000024d0   0x000024d0   0x0000003c   Code   RO          342    i.tcb_alloc         os.o
    0x0000250c   0x0000250c   0x00000050   Code   RO          736    i.writecommand      st7735.o
    0x0000255c   0x0000255c   0x00000054   Code   RO          737    i.writedata         st7735.o
    0x000025b0   0x000025b0   0x00000004   Data   RO          344    .constdata          os.o
    0x000025b4   0x000025b4   0x00000842   Data   RO          739    .constdata          st7735.o
    0x00002df6   0x00002df6   0x00000002   PAD
    0x00002df8   0x00002df8   0x00000040   Data   RO         1633    .constdata          irdistance.o
    0x00002e38   0x00002e38   0x00000081   Data   RO         1733    .constdata          mc_w.l(ctype_o.o)
    0x00002eb9   0x00002eb9   0x00000003   PAD
    0x00002ebc   0x00002ebc   0x00000004   Data   RO         1734    .constdata          mc_w.l(ctype_o.o)
    0x00002ec0   0x00002ec0   0x000001e7   Data   RO          596    .conststring        interpreter.o
    0x000030a7   0x000030a7   0x00000001   PAD
    0x000030a8   0x000030a8   0x00000020   Data   RO         1764    Region$$Table       anon$$obj.o


    Execution Region ER_RW (Exec base: 0x20000000, Load base: 0x000030c8, Size: 0x00000158, Max: 0xffffffff, ABSOLUTE, COMPRESSED[0x00000010])

    Exec Addr    Load Addr    Size         Type   Attr      Idx    E Section Name        Object

    0x20000000   COMPRESSED   0x00000058   Data   RW           54    .data               lab2.o
    0x20000058   COMPRESSED   0x0000000c   Data   RW          345    .data               os.o
    0x20000064   COMPRESSED   0x00000030   Data   RW          740    .data               st7735.o
    0x20000094   COMPRESSED   0x00000008   Data   RW         1049    .data               adct0atrigger.o
    0x2000009c   COMPRESSED   0x0000009c   Data   RW         1108    .data               lpf.o
    0x20000138   COMPRESSED   0x00000004   Data   RW         1240    .data               wtimer0a.o
    0x2000013c   COMPRESSED   0x00000010   Data   RW         1494    .data               uart0int.o
    0x2000014c   COMPRESSED   0x00000004   Data   RW         1668    .data               timer5a.o
    0x20000150   COMPRESSED   0x00000004   Data   RW         1700    .data               mc_w.l(strtok.o)
    0x20000154   COMPRESSED   0x00000004   Data   RW         1724    .data               mc_w.l(errno.o)


    Execution Region ER_ZI (Exec base: 0x20000158, Load base: 0x000030d8, Size: 0x00001618, Max: 0xffffffff, ABSOLUTE)

    Exec Addr    Load Addr    Size         Type   Attr      Idx    E Section Name        Object

    0x20000158        -       0x00000200   Zero   RW           53    .bss                lab2.o
    0x20000358        -       0x0000061c   Zero   RW          343    .bss                os.o
    0x20000974        -       0x0000000c   Zero   RW          738    .bss                st7735.o
    0x20000980        -       0x000001f0   Zero   RW         1107    .bss                lpf.o
    0x20000b70        -       0x00000800   Zero   RW         1493    .bss                uart0int.o
    0x20001370        -       0x00000400   Zero   RW            1    STACK               startup.o


==============================================================================

Image component sizes


      Code (inc. data)   RO Data    RW Data    ZI Data      Debug   Object Name

        22          0          0          0          0        996   adc.o
      1060         70          0          0          0       1387   adcswtrigger.o
      1186        108          0          8          0       4029   adct0atrigger.o
       718        240          0          0          0        304   cr4_fft_64_stm32.o
       640        230        487          0          0       1414   interpreter.o
        64         18         64          0          0       1195   irdistance.o
      1210        290          0         88        512      12356   lab2.o
       200         14          0        156        496       2420   lpf.o
       712         56          4         12       1564      13900   os.o
        80          8          0          0          0        300   osasm.o
        72          8          0          0          0        272   pid_stm32.o
       124          4          0          0          0        475   pll.o
      1452        160       2114         48         12      12991   st7735.o
       672        622          0          0       1024        996   startup.o
       120         28          0          4          0       1605   timer5a.o
       672         94          0         16       2048       8939   uart0int.o
        24          8          0          4          0       1038   wtimer0a.o

    ----------------------------------------------------------------------
      9044       1960       2704        336       5656      64617   Object Totals
         0          0         32          0          0          0   (incl. Generated)
        16          2          3          0          0          0   (incl. Padding)

    ----------------------------------------------------------------------

      Code (inc. data)   RO Data    RW Data    ZI Data      Debug   Library Member Name

        58          0          0          0          0          0   __dczerorl.o
        28          0          0          0          0         68   _chval.o
       158          0          0          0          0         92   _strtoul.o
        26          0          0          0          0         80   atoi.o
         8          4        133          0          0         68   ctype_o.o
         0          0          0          0          0          0   entry.o
         0          0          0          0          0          0   entry10a.o
         0          0          0          0          0          0   entry11a.o
         8          4          0          0          0          0   entry2.o
         4          0          0          0          0          0   entry5.o
         0          0          0          0          0          0   entry7b.o
         0          0          0          0          0          0   entry8b.o
         8          4          0          0          0          0   entry9a.o
         8          4          0          4          0         68   errno.o
        30          0          0          0          0          0   handlers.o
        36          8          0          0          0         68   init.o
        18          0          0          0          0         68   strcpy.o
        30          0          0          0          0         80   strncmp.o
        68          6          0          4          0         80   strtok.o
       112          0          0          0          0         88   strtol.o

    ----------------------------------------------------------------------
       604         30        136          8          0        760   Library Totals
         4          0          3          0          0          0   (incl. Padding)

    ----------------------------------------------------------------------

      Code (inc. data)   RO Data    RW Data    ZI Data      Debug   Library Name

       600         30        133          8          0        760   mc_w.l

    ----------------------------------------------------------------------
       604         30        136          8          0        760   Library Totals

    ----------------------------------------------------------------------

==============================================================================


      Code (inc. data)   RO Data    RW Data    ZI Data      Debug   

      9648       1990       2840        344       5656      61605   Grand Totals
      9648       1990       2840         16       5656      61605   ELF Image Totals (compressed)
      9648       1990       2840         16          0          0   ROM Totals

==============================================================================

    Total RO  Size (Code + RO Data)                12488 (  12.20kB)
    Total RW  Size (RW Data + ZI Data)              6000 (   5.86kB)
    Total ROM Size (Code + RO Data + RW Data)      12504 (  12.21kB)

==============================================================================

